Archive member included to satisfy reference by file (symbol)

app/libapp.a(main.c.obj)      (--whole-archive)
app/libapp.a(io.c.obj)        (--whole-archive)
app/libapp.a(flash_map_extended.c.obj)
                              (--whole-archive)
app/libapp.a(os.c.obj)        (--whole-archive)
app/libapp.a(keys.c.obj)      (--whole-archive)
app/libapp.a(image_validate.c.obj)
                              (--whole-archive)
app/libapp.a(tlv.c.obj)       (--whole-archive)
app/libapp.a(encrypted.c.obj)
                              (--whole-archive)
app/libapp.a(image_rsa.c.obj)
                              (--whole-archive)
app/libapp.a(image_ecdsa.c.obj)
                              (--whole-archive)
app/libapp.a(image_ed25519.c.obj)
                              (--whole-archive)
app/libapp.a(bootutil_misc.c.obj)
                              (--whole-archive)
app/libapp.a(fault_injection_hardening.c.obj)
                              (--whole-archive)
app/libapp.a(loader.c.obj)    (--whole-archive)
app/libapp.a(swap_misc.c.obj)
                              (--whole-archive)
app/libapp.a(swap_scratch.c.obj)
                              (--whole-archive)
app/libapp.a(swap_move.c.obj)
                              (--whole-archive)
app/libapp.a(caps.c.obj)      (--whole-archive)
app/libapp.a(asn1parse.c.obj)
                              (--whole-archive)
app/libapp.a(platform_util.c.obj)
                              (--whole-archive)
app/libapp.a(cc310_glue.c.obj)
                              (--whole-archive)
app/libapp.a(autogen-pubkey.c.obj)
                              (--whole-archive)
app/libapp.a(arm_cleanup.c.obj)
                              (--whole-archive)
app/libapp.a(nrf_cleanup.c.obj)
                              (--whole-archive)
zephyr/libzephyr.a(heap.c.obj)
                              (--whole-archive)
zephyr/libzephyr.a(cbprintf_packaged.c.obj)
                              (--whole-archive)
zephyr/libzephyr.a(printk.c.obj)
                              (--whole-archive)
zephyr/libzephyr.a(sem.c.obj)
                              (--whole-archive)
zephyr/libzephyr.a(thread_entry.c.obj)
                              (--whole-archive)
zephyr/libzephyr.a(cbprintf_nano.c.obj)
                              (--whole-archive)
zephyr/libzephyr.a(cbprintf.c.obj)
                              (--whole-archive)
zephyr/libzephyr.a(assert.c.obj)
                              (--whole-archive)
zephyr/libzephyr.a(dec.c.obj)
                              (--whole-archive)
zephyr/libzephyr.a(hex.c.obj)
                              (--whole-archive)
zephyr/libzephyr.a(rb.c.obj)  (--whole-archive)
zephyr/libzephyr.a(timeutil.c.obj)
                              (--whole-archive)
zephyr/libzephyr.a(bitarray.c.obj)
                              (--whole-archive)
zephyr/libzephyr.a(onoff.c.obj)
                              (--whole-archive)
zephyr/libzephyr.a(notify.c.obj)
                              (--whole-archive)
zephyr/libzephyr.a(configs.c.obj)
                              (--whole-archive)
zephyr/libzephyr.a(mem_attr.c.obj)
                              (--whole-archive)
zephyr/libzephyr.a(flash_map.c.obj)
                              (--whole-archive)
zephyr/libzephyr.a(flash_map_layout.c.obj)
                              (--whole-archive)
zephyr/libzephyr.a(stream_flash.c.obj)
                              (--whole-archive)
zephyr/libzephyr.a(tracing_none.c.obj)
                              (--whole-archive)
zephyr/libzephyr.a(flash_util.c.obj)
                              (--whole-archive)
zephyr/libzephyr.a(banner.c.obj)
                              (--whole-archive)
zephyr/libzephyr.a(flash_map_partition_manager.c.obj)
                              (--whole-archive)
zephyr/libzephyr.a(nrf_cc3xx_platform_abort_zephyr.c.obj)
                              (--whole-archive)
zephyr/libzephyr.a(nrf_cc3xx_platform_no_mutex_zephyr.c.obj)
                              (--whole-archive)
zephyr/arch/common/libarch__common.a(sw_isr_common.c.obj)
                              (--whole-archive)
zephyr/arch/arch/arm/core/libarch__arm__core.a(fatal.c.obj)
                              (--whole-archive)
zephyr/arch/arch/arm/core/libarch__arm__core.a(nmi.c.obj)
                              (--whole-archive)
zephyr/arch/arch/arm/core/libarch__arm__core.a(nmi_on_reset.S.obj)
                              (--whole-archive)
zephyr/arch/arch/arm/core/cortex_m/libarch__arm__core__cortex_m.a(exc_exit.c.obj)
                              (--whole-archive)
zephyr/arch/arch/arm/core/cortex_m/libarch__arm__core__cortex_m.a(fault.c.obj)
                              (--whole-archive)
zephyr/arch/arch/arm/core/cortex_m/libarch__arm__core__cortex_m.a(fault_s.S.obj)
                              (--whole-archive)
zephyr/arch/arch/arm/core/cortex_m/libarch__arm__core__cortex_m.a(fpu.c.obj)
                              (--whole-archive)
[...]
Memory Configuration

Name             Origin             Length             Attributes
FLASH            0x00000000         0x0000c000         xr
RAM              0x20000000         0x00040000         xw
IDT_LIST         0xffff7fff         0x00008000         xw
*default*        0x00000000         0xffffffff

Linker script and memory map

LOAD zephyr/CMakeFiles/zephyr_pre0.dir/misc/empty_file.c.obj
LOAD zephyr/CMakeFiles/offsets.dir/./arch/arm/core/offsets/offsets.c.obj
LOAD app/libapp.a
LOAD zephyr/libzephyr.a
LOAD zephyr/arch/common/libarch__common.a
LOAD zephyr/arch/arch/arm/core/libarch__arm__core.a
LOAD zephyr/arch/arch/arm/core/cortex_m/libarch__arm__core__cortex_m.a
LOAD zephyr/arch/arch/arm/core/mpu/libarch__arm__core__mpu.a
LOAD zephyr/lib/libc/minimal/liblib__libc__minimal.a
LOAD zephyr/lib/libc/common/liblib__libc__common.a
LOAD zephyr/soc/soc/nrf52840/libsoc__nordic.a
LOAD zephyr/drivers/clock_control/libdrivers__clock_control.a
LOAD zephyr/drivers/flash/libdrivers__flash.a
LOAD zephyr/drivers/gpio/libdrivers__gpio.a
LOAD zephyr/drivers/pinctrl/libdrivers__pinctrl.a
LOAD zephyr/drivers/timer/libdrivers__timer.a
LOAD modules/nrf/lib/fprotect/lib..__nrf__lib__fprotect.a
LOAD modules/nrf/drivers/hw_cc3xx/lib..__nrf__drivers__hw_cc3xx.a
LOAD modules/mcuboot/boot/bootutil/zephyr/libmcuboot_util.a
LOAD modules/hal_nordic/nrfx/libmodules__hal_nordic__nrfx.a
LOAD zephyr/kernel/libkernel.a
LOAD zephyr/arch/common/libisr_tables.a
LOAD /home/apcave/nordic/nrfxlib/crypto/nrf_cc310_platform/lib/cortex-m4/hard-float/no-interrupts/libnrf_cc310_platform_0.9.19.a
LOAD /home/apcave/nordic/nrfxlib/crypto/nrf_cc310_bl/lib/cortex-m4/hard-float/no-interrupts/libnrf_cc310_bl_0.9.12.a
LOAD /home/apcave/stm32-tools/bin/../lib/gcc/arm-none-eabi/12.3.1/../../../../arm-none-eabi/lib/thumb/v7e-m+fp/hard/libc.a
LOAD /home/apcave/stm32-tools/bin/../lib/gcc/arm-none-eabi/12.3.1/thumb/v7e-m+fp/hard/libgcc.a
                0x00000020                        _region_min_align = 0x20

.rel.plt        0x00000000        0x0
 *(SORT_BY_ALIGNMENT(.rel.plt))
                [!provide]                        PROVIDE (__rel_iplt_start = .)
 *(SORT_BY_ALIGNMENT(.rel.iplt))
 .rel.iplt      0x00000000        0x0 app/libapp.a(main.c.obj)
                [!provide]                        PROVIDE (__rel_iplt_end = .)

.rela.plt       0x00000000        0x0
 *(SORT_BY_ALIGNMENT(.rela.plt))
                [!provide]                        PROVIDE (__rela_iplt_start = .)
 *(SORT_BY_ALIGNMENT(.rela.iplt))
                [!provide]                        PROVIDE (__rela_iplt_end = .)

.rel.dyn
 *(SORT_BY_ALIGNMENT(.rel.*))

.rela.dyn
 *(SORT_BY_ALIGNMENT(.rela.*))

/DISCARD/
 *(SORT_BY_ALIGNMENT(.plt))

/DISCARD/
 *(SORT_BY_ALIGNMENT(.iplt))
                0x00000000                        __rom_region_start = 0x0

rom_start       0x00000000      0x100
                0x00000000                        __rom_start_address = .
 FILL mask 0x00
                0x00000000                        . = (. + (0x0 - (. - __rom_start_address)))
                0x00000000                        . = ALIGN (0x4)
                0x00000000                        . = ALIGN (0x80)
                0x00000000                        . = ALIGN (0x100)
                0x00000000                        _vector_start = .
 *(SORT_BY_ALIGNMENT(.exc_vector_table))
 *(SORT_BY_ALIGNMENT(.exc_vector_table.*))
 .exc_vector_table._vector_table_section
                0x00000000       0x40 zephyr/arch/arch/arm/core/cortex_m/libarch__arm__core__cortex_m.a(vector_table.S.obj)
                0x00000000                _vector_table
 *(SORT_BY_ALIGNMENT(.vectors))
                0x00000100                        _vector_end = .
                0x00000040                        . = ALIGN (0x4)
 *(SORT_BY_ALIGNMENT(.gnu.linkonce.irq_vector_table*))
 .gnu.linkonce.irq_vector_table
                0x00000040       0xc0 zephyr/arch/common/libisr_tables.a(isr_tables.c.obj)
                0x00000040                _irq_vector_table
                0x00000100                        _vector_end = .

text            0x00000100     0x75f4
                0x00000100                        __text_region_start = .
 *(SORT_BY_ALIGNMENT(.text))
 .text          0x00000100       0x30 /home/apcave/stm32-tools/bin/../lib/gcc/arm-none-eabi/12.3.1/thumb/v7e-m+fp/hard/libgcc.a(_aeabi_uldivmod.o)
                0x00000100                __aeabi_uldivmod
 .text          0x00000130      0x2bc /home/apcave/stm32-tools/bin/../lib/gcc/arm-none-eabi/12.3.1/thumb/v7e-m+fp/hard/libgcc.a(_udivmoddi4.o)
                0x00000130                __udivmoddi4
 .text          0x000003ec        0x4 /home/apcave/stm32-tools/bin/../lib/gcc/arm-none-eabi/12.3.1/thumb/v7e-m+fp/hard/libgcc.a(_dvmd_tls.o)
                0x000003ec                __aeabi_ldiv0
                0x000003ec                __aeabi_idiv0
 *(SORT_BY_ALIGNMENT(.text.*))
 .text.main     0x000003f0       0x98 app/libapp.a(main.c.obj)
                0x000003f0                main
 .text.flash_area_id_from_multi_image_slot
                0x00000488       0x24 app/libapp.a(flash_map_extended.c.obj)
                0x00000488                flash_area_id_from_multi_image_slot
 .text.bootutil_img_validate
                0x000004ac      0x234 app/libapp.a(image_validate.c.obj)
                0x000004ac                bootutil_img_validate
 .text.bootutil_verify_sig
                0x000006e0      0x100 app/libapp.a(image_ecdsa.c.obj)
                0x000006e0                bootutil_verify_sig
 .text.boot_status_entries
                0x000007e0       0x2c app/libapp.a(bootutil_misc.c.obj)
                0x000007e0                boot_status_entries
 .text.boot_find_status
                0x0000080c       0x48 app/libapp.a(bootutil_misc.c.obj)
                0x0000080c                boot_find_status
 .text.boot_validate_slot.isra.0
                0x00000854       0xf0 app/libapp.a(loader.c.obj)
 .text.boot_swap_image.isra.0
                0x00000944       0x70 app/libapp.a(loader.c.obj)
 .text.boot_copy_region
                0x000009b4       0x84 app/libapp.a(loader.c.obj)
                0x000009b4                boot_copy_region
 .text.context_boot_go
                0x00000a38      0x228 app/libapp.a(loader.c.obj)
                0x00000a38                context_boot_go
 .text.boot_go  0x00000c60       0x20 app/libapp.a(loader.c.obj)
                0x00000c60                boot_go
 .text.swap_set_copy_done
                0x00000c80       0x2c app/libapp.a(swap_misc.c.obj)
                0x00000c80                swap_set_copy_done
 .text.swap_set_image_ok
                0x00000cac       0x44 app/libapp.a(swap_misc.c.obj)
                0x00000cac                swap_set_image_ok
 .text.boot_read_image_header
                0x00000cf0       0xcc app/libapp.a(swap_move.c.obj)
                0x00000cf0                boot_read_image_header
 .text.fixup_revert
                0x00000dbc       0x50 app/libapp.a(swap_move.c.obj)
                0x00000dbc                fixup_revert
 .text.swap_run
                0x00000e0c      0x1c4 app/libapp.a(swap_move.c.obj)
                0x00000e0c                swap_run
 .text.mbedtls_platform_zeroize
                0x00000fd0       0x14 app/libapp.a(platform_util.c.obj)
                0x00000fd0                mbedtls_platform_zeroize
 .text.cc310_init
                0x00000fe4       0x30 app/libapp.a(cc310_glue.c.obj)
                0x00000fe4                cc310_init
 .text.cc310_ecdsa_verify_secp256r1
                0x00001014       0x3c app/libapp.a(cc310_glue.c.obj)
                0x00001014                cc310_ecdsa_verify_secp256r1
 .text.cleanup_arm_nvic
                0x00001050       0x54 app/libapp.a(arm_cleanup.c.obj)
                0x00001050                cleanup_arm_nvic
 .text.nrf_cleanup_peripheral
                0x000010a4       0xa4 app/libapp.a(nrf_cleanup.c.obj)
                0x000010a4                nrf_cleanup_peripheral
 .text.char_out
                0x00001148        0xc zephyr/libzephyr.a(printk.c.obj)
 .text.vprintk  0x00001154       0x1c zephyr/libzephyr.a(printk.c.obj)
                0x00001154                vprintk
 .text.z_cbvprintf_impl
                0x00001170      0x438 zephyr/libzephyr.a(cbprintf_nano.c.obj)
                0x00001170                z_cbvprintf_impl
 .text.process_event
                0x000015a8      0x1d8 zephyr/libzephyr.a(onoff.c.obj)
 .text.mem_attr_get_regions
                0x00001780        0xc zephyr/libzephyr.a(mem_attr.c.obj)
                0x00001780                mem_attr_get_regions
 .text.flash_area_open
                0x0000178c       0x50 zephyr/libzephyr.a(flash_map.c.obj)
                0x0000178c                flash_area_open
 .text.flash_area_get_sectors
                0x000017dc       0x60 zephyr/libzephyr.a(flash_map_layout.c.obj)
                0x000017dc                flash_area_get_sectors
 .text.boot_banner
                0x0000183c       0x24 zephyr/libzephyr.a(banner.c.obj)
                0x0000183c                boot_banner
 .text.nrf_cc3xx_platform_abort_init
                0x00001860        0xc zephyr/libzephyr.a(nrf_cc3xx_platform_abort_zephyr.c.obj)
                0x00001860                nrf_cc3xx_platform_abort_init
 .text.z_SysNmiOnReset
                0x0000186c        0x8 zephyr/arch/arch/arm/core/libarch__arm__core.a(nmi_on_reset.S.obj)
                0x0000186c                z_SysNmiOnReset
 .text.mem_manage_fault
                0x00001874       0xa0 zephyr/arch/arch/arm/core/cortex_m/libarch__arm__core__cortex_m.a(fault.c.obj)
 .text.usage_fault.constprop.0
                0x00001914       0x54 zephyr/arch/arch/arm/core/cortex_m/libarch__arm__core__cortex_m.a(fault.c.obj)
 .text.bus_fault.constprop.0
                0x00001968       0x6c zephyr/arch/arch/arm/core/cortex_m/libarch__arm__core__cortex_m.a(fault.c.obj)
 .text.z_arm_fault
                0x000019d4      0x11c zephyr/arch/arch/arm/core/cortex_m/libarch__arm__core__cortex_m.a(fault.c.obj)
                0x000019d4                z_arm_fault
 .text.z_arm_fault_init
                0x00001af0       0x18 zephyr/arch/arch/arm/core/cortex_m/libarch__arm__core__cortex_m.a(fault.c.obj)
                0x00001af0                z_arm_fault_init
 .text.__fault  0x00001b08       0x14 zephyr/arch/arch/arm/core/cortex_m/libarch__arm__core__cortex_m.a(fault_s.S.obj)
                0x00001b08                z_arm_bus_fault
                0x00001b08                z_arm_usage_fault
                0x00001b08                z_arm_mpu_fault
                0x00001b08                z_arm_exc_spurious
                0x00001b08                z_arm_debug_monitor
                0x00001b08                z_arm_hard_fault
 .text._reset_section
                0x00001b1c       0x54 zephyr/arch/arch/arm/core/cortex_m/libarch__arm__core__cortex_m.a(reset.S.obj)
                0x00001b1c                z_arm_reset
                0x00001b1c                __start
 .text.z_arm_clear_arm_mpu_config
                0x00001b70       0x24 zephyr/arch/arch/arm/core/cortex_m/libarch__arm__core__cortex_m.a(scb.c.obj)
                0x00001b70                z_arm_clear_arm_mpu_config
 .text.z_arm_init_arch_hw_at_boot
                0x00001b94       0x64 zephyr/arch/arch/arm/core/cortex_m/libarch__arm__core__cortex_m.a(scb.c.obj)
                0x00001b94                z_arm_init_arch_hw_at_boot
 .text.z_arm_svc
                0x00001bf8       0x20 zephyr/arch/arch/arm/core/cortex_m/libarch__arm__core__cortex_m.a(swap_helper.S.obj)
                0x00001bf8                z_arm_svc
 .text.arch_irq_enable
                0x00001c18       0x1c zephyr/arch/arch/arm/core/cortex_m/libarch__arm__core__cortex_m.a(irq_manage.c.obj)
                0x00001c18                arch_irq_enable
 .text.arch_irq_disable
                0x00001c34       0x28 zephyr/arch/arch/arm/core/cortex_m/libarch__arm__core__cortex_m.a(irq_manage.c.obj)
                0x00001c34                arch_irq_disable
 .text.arch_irq_is_enabled
                0x00001c5c       0x1c zephyr/arch/arch/arm/core/cortex_m/libarch__arm__core__cortex_m.a(irq_manage.c.obj)
                0x00001c5c                arch_irq_is_enabled
 .text.z_arm_irq_priority_set
                0x00001c78       0x30 zephyr/arch/arch/arm/core/cortex_m/libarch__arm__core__cortex_m.a(irq_manage.c.obj)
                0x00001c78                z_arm_irq_priority_set
 .text.z_prep_c
                0x00001ca8       0x5c zephyr/arch/arch/arm/core/cortex_m/libarch__arm__core__cortex_m.a(prep_c.c.obj)
                0x00001ca8                z_prep_c
 .text.z_check_thread_stack_fail
                0x00001d04       0x2c zephyr/arch/arch/arm/core/cortex_m/libarch__arm__core__cortex_m.a(thread.c.obj)
                0x00001d04                z_check_thread_stack_fail
 .text.z_arm_switch_to_main_no_multithreading
                0x00001d30       0x38 zephyr/arch/arch/arm/core/cortex_m/libarch__arm__core__cortex_m.a(thread.c.obj)
                0x00001d30                z_arm_switch_to_main_no_multithreading
 .text.z_arm_cpu_idle_init
                0x00001d68        0xc zephyr/arch/arch/arm/core/cortex_m/libarch__arm__core__cortex_m.a(cpu_idle.c.obj)
                0x00001d68                z_arm_cpu_idle_init
 .text.z_arm_interrupt_init
                0x00001d74       0x18 zephyr/arch/arch/arm/core/cortex_m/libarch__arm__core__cortex_m.a(irq_init.c.obj)
                0x00001d74                z_arm_interrupt_init
 .text._isr_wrapper
                0x00001d8c       0x24 zephyr/arch/arch/arm/core/cortex_m/libarch__arm__core__cortex_m.a(isr_wrapper.c.obj)
                0x00001d8c                _isr_wrapper
 .text.z_arm_configure_static_mpu_regions
                0x00001db0       0x18 zephyr/arch/arch/arm/core/mpu/libarch__arm__core__mpu.a(arm_core_mpu.c.obj)
                0x00001db0                z_arm_configure_static_mpu_regions
 .text.region_init
                0x00001dc8       0x28 zephyr/arch/arch/arm/core/mpu/libarch__arm__core__mpu.a(arm_mpu.c.obj)
 .text.mpu_configure_regions
                0x00001df0       0x6c zephyr/arch/arch/arm/core/mpu/libarch__arm__core__mpu.a(arm_mpu.c.obj)
 .text.arm_core_mpu_enable
                0x00001e5c       0x18 zephyr/arch/arch/arm/core/mpu/libarch__arm__core__mpu.a(arm_mpu.c.obj)
                0x00001e5c                arm_core_mpu_enable
 .text.arm_core_mpu_disable
                0x00001e74       0x14 zephyr/arch/arch/arm/core/mpu/libarch__arm__core__mpu.a(arm_mpu.c.obj)
                0x00001e74                arm_core_mpu_disable
 .text.arm_core_mpu_configure_static_mpu_regions
                0x00001e88       0x14 zephyr/arch/arch/arm/core/mpu/libarch__arm__core__mpu.a(arm_mpu.c.obj)
                0x00001e88                arm_core_mpu_configure_static_mpu_regions
 .text.z_arm_mpu_init
                0x00001e9c      0x168 zephyr/arch/arch/arm/core/mpu/libarch__arm__core__mpu.a(arm_mpu.c.obj)
                0x00001e9c                z_arm_mpu_init
 .text.nordicsemi_nrf52_init
                0x00002004       0x44 zephyr/soc/soc/nrf52840/libsoc__nordic.a(soc.c.obj)
 .text.arch_busy_wait
                0x00002048       0x14 zephyr/soc/soc/nrf52840/libsoc__nordic.a(soc.c.obj)
                0x00002048                arch_busy_wait
 .text.onoff_stop
                0x0000205c       0x30 zephyr/drivers/clock_control/libdrivers__clock_control.a(clock_control_nrf.c.obj)
 .text.onoff_start
                0x0000208c       0x44 zephyr/drivers/clock_control/libdrivers__clock_control.a(clock_control_nrf.c.obj)
 .text.generic_hfclk_stop
                0x000020d0       0x34 zephyr/drivers/clock_control/libdrivers__clock_control.a(clock_control_nrf.c.obj)
 .text.clk_init
                0x00002104       0x58 zephyr/drivers/clock_control/libdrivers__clock_control.a(clock_control_nrf.c.obj)
 .text.clkstarted_handle.constprop.0
                0x0000215c       0x4c zephyr/drivers/clock_control/libdrivers__clock_control.a(clock_control_nrf.c.obj)
 .text.generic_hfclk_start
                0x000021a8       0x7c zephyr/drivers/clock_control/libdrivers__clock_control.a(clock_control_nrf.c.obj)
 .text.clock_event_handler
                0x00002224       0x1c zephyr/drivers/clock_control/libdrivers__clock_control.a(clock_control_nrf.c.obj)
 .text.z_nrf_clock_control_lf_on
                0x00002240       0xf4 zephyr/drivers/clock_control/libdrivers__clock_control.a(clock_control_nrf.c.obj)
                0x00002240                z_nrf_clock_control_lf_on
 .text.qspi_get_zephyr_ret_code
                0x00002334       0x1c zephyr/drivers/flash/libdrivers__flash.a(nrf_qspi_nor.c.obj)
 .text.qspi_nor_pages_layout
                0x00002350       0x10 zephyr/drivers/flash/libdrivers__flash.a(nrf_qspi_nor.c.obj)
 .text.qspi_flash_get_parameters
                0x00002360        0x8 zephyr/drivers/flash/libdrivers__flash.a(nrf_qspi_nor.c.obj)
 .text.nrf_qspi_pins_set.constprop.0
                0x00002368       0x5c zephyr/drivers/flash/libdrivers__flash.a(nrf_qspi_nor.c.obj)
 .text.qspi_wait_for_completion.isra.0
                0x000023c4       0x44 zephyr/drivers/flash/libdrivers__flash.a(nrf_qspi_nor.c.obj)
 .text.qspi_nor_read
                0x00002408      0x138 zephyr/drivers/flash/libdrivers__flash.a(nrf_qspi_nor.c.obj)
 .text.qspi_nor_write
                0x00002540       0xfc zephyr/drivers/flash/libdrivers__flash.a(nrf_qspi_nor.c.obj)
 .text.qspi_nor_erase
                0x0000263c       0xe0 zephyr/drivers/flash/libdrivers__flash.a(nrf_qspi_nor.c.obj)
 .text.qspi_nor_init
                0x0000271c      0x1b4 zephyr/drivers/flash/libdrivers__flash.a(nrf_qspi_nor.c.obj)
 .text.flash_nrf_pages_layout
                0x000028d0       0x10 zephyr/drivers/flash/libdrivers__flash.a(soc_flash_nrf.c.obj)
 .text.flash_nrf_get_parameters
                0x000028e0        0x8 zephyr/drivers/flash/libdrivers__flash.a(soc_flash_nrf.c.obj)
 .text.nrf_flash_init
                0x000028e8       0x18 zephyr/drivers/flash/libdrivers__flash.a(soc_flash_nrf.c.obj)
 .text.restore_pofwarn.part.0
                0x00002900       0x2c zephyr/drivers/flash/libdrivers__flash.a(soc_flash_nrf.c.obj)
 .text.suspend_pofwarn
                0x0000292c       0x58 zephyr/drivers/flash/libdrivers__flash.a(soc_flash_nrf.c.obj)
 .text.flash_nrf_erase
                0x00002984       0x70 zephyr/drivers/flash/libdrivers__flash.a(soc_flash_nrf.c.obj)
 .text.flash_nrf_write
                0x000029f4       0x74 zephyr/drivers/flash/libdrivers__flash.a(soc_flash_nrf.c.obj)
 .text.gpio_nrfx_pin_interrupt_configure
                0x00002a68      0x100 zephyr/drivers/gpio/libdrivers__gpio.a(gpio_nrfx.c.obj)
 .text.gpio_nrfx_init
                0x00002b68       0x48 zephyr/drivers/gpio/libdrivers__gpio.a(gpio_nrfx.c.obj)
 .text.nrfx_gpio_handler
                0x00002bb0       0x4c zephyr/drivers/gpio/libdrivers__gpio.a(gpio_nrfx.c.obj)
 .text.gpio_nrfx_pin_configure
                0x00002bfc      0x18c zephyr/drivers/gpio/libdrivers__gpio.a(gpio_nrfx.c.obj)
 .text.nrf_gpio_pin_port_decode
                0x00002d88       0x20 zephyr/drivers/pinctrl/libdrivers__pinctrl.a(pinctrl_nrf.c.obj)
 .text.pinctrl_configure_pins
                0x00002da8      0x198 zephyr/drivers/pinctrl/libdrivers__pinctrl.a(pinctrl_nrf.c.obj)
                0x00002da8                pinctrl_configure_pins
 .text.compare_int_lock
                0x00002f40       0x48 zephyr/drivers/timer/libdrivers__timer.a(nrf_rtc_timer.c.obj)
 .text.sys_clock_timeout_handler
                0x00002f88       0x48 zephyr/drivers/timer/libdrivers__timer.a(nrf_rtc_timer.c.obj)
 .text.compare_int_unlock
                0x00002fd0       0x5c zephyr/drivers/timer/libdrivers__timer.a(nrf_rtc_timer.c.obj)
 .text.z_nrf_rtc_timer_read
                0x0000302c       0x44 zephyr/drivers/timer/libdrivers__timer.a(nrf_rtc_timer.c.obj)
                0x0000302c                z_nrf_rtc_timer_read
 .text.compare_set
                0x00003070      0x130 zephyr/drivers/timer/libdrivers__timer.a(nrf_rtc_timer.c.obj)
 .text.sys_clock_driver_init
                0x000031a0       0x90 zephyr/drivers/timer/libdrivers__timer.a(nrf_rtc_timer.c.obj)
 .text.rtc_nrf_isr
                0x00003230       0xcc zephyr/drivers/timer/libdrivers__timer.a(nrf_rtc_timer.c.obj)
                0x00003230                rtc_nrf_isr
 .text.sys_clock_set_timeout
                0x000032fc       0x5c zephyr/drivers/timer/libdrivers__timer.a(nrf_rtc_timer.c.obj)
                0x000032fc                sys_clock_set_timeout
 .text.sys_clock_elapsed
                0x00003358       0x14 zephyr/drivers/timer/libdrivers__timer.a(nrf_rtc_timer.c.obj)
                0x00003358                sys_clock_elapsed
 .text.sys_clock_disable
                0x0000336c       0x30 zephyr/drivers/timer/libdrivers__timer.a(nrf_rtc_timer.c.obj)
                0x0000336c                sys_clock_disable
 .text.find_free_region
                0x0000339c       0x3c modules/nrf/lib/fprotect/lib..__nrf__lib__fprotect.a(fprotect_acl.c.obj)
 .text.boot_write_magic
                0x000033d8       0x40 modules/mcuboot/boot/bootutil/zephyr/libmcuboot_util.a(bootutil_public.c.obj)
                0x000033d8                boot_write_magic
 .text.boot_read_swap_state
                0x00003418       0xac modules/mcuboot/boot/bootutil/zephyr/libmcuboot_util.a(bootutil_public.c.obj)
                0x00003418                boot_read_swap_state
 .text.boot_swap_type_multi
                0x000034c4       0xa4 modules/mcuboot/boot/bootutil/zephyr/libmcuboot_util.a(bootutil_public.c.obj)
                0x000034c4                boot_swap_type_multi
 .text.nrf52_errata_98
                0x00003568       0x24 modules/hal_nordic/nrfx/libmodules__hal_nordic__nrfx.a(system_nrf52840.c.obj)
 .text.nvmc_wait
                0x0000358c       0x10 modules/hal_nordic/nrfx/libmodules__hal_nordic__nrfx.a(system_nrf52840.c.obj)
                0x0000358c                nvmc_wait
 .text.SystemInit
                0x0000359c      0x1d8 modules/hal_nordic/nrfx/libmodules__hal_nordic__nrfx.a(system_nrf52840.c.obj)
                0x0000359c                SystemInit
 .text.nrfx_flag32_alloc
                0x00003774       0x48 modules/hal_nordic/nrfx/libmodules__hal_nordic__nrfx.a(nrfx_flag32_allocator.c.obj)
                0x00003774                nrfx_flag32_alloc
 .text.nrfx_flag32_free
                0x000037bc       0x40 modules/hal_nordic/nrfx/libmodules__hal_nordic__nrfx.a(nrfx_flag32_allocator.c.obj)
                0x000037bc                nrfx_flag32_free
 .text.clock_stop
                0x000037fc       0xa8 modules/hal_nordic/nrfx/libmodules__hal_nordic__nrfx.a(nrfx_clock.c.obj)
 .text.nrfx_clock_init
                0x000038a4       0x20 modules/hal_nordic/nrfx/libmodules__hal_nordic__nrfx.a(nrfx_clock.c.obj)
                0x000038a4                nrfx_clock_init
 .text.nrfx_clock_enable
                0x000038c4       0x24 modules/hal_nordic/nrfx/libmodules__hal_nordic__nrfx.a(nrfx_clock.c.obj)
                0x000038c4                nrfx_clock_enable
 .text.nrfx_clock_start
                0x000038e8       0xa8 modules/hal_nordic/nrfx/libmodules__hal_nordic__nrfx.a(nrfx_clock.c.obj)
                0x000038e8                nrfx_clock_start
 .text.nrfx_power_clock_irq_handler
                0x00003990       0x68 modules/hal_nordic/nrfx/libmodules__hal_nordic__nrfx.a(nrfx_clock.c.obj)
                0x00003990                nrfx_power_clock_irq_handler
 .text.nrf_gpio_pin_port_decode
                0x000039f8       0x20 modules/hal_nordic/nrfx/libmodules__hal_nordic__nrfx.a(nrfx_gpiote.c.obj)
 .text.get_pin_idx
                0x00003a18       0x14 modules/hal_nordic/nrfx/libmodules__hal_nordic__nrfx.a(nrfx_gpiote.c.obj)
 .text.call_handler.constprop.0
                0x00003a2c       0x40 modules/hal_nordic/nrfx/libmodules__hal_nordic__nrfx.a(nrfx_gpiote.c.obj)
 .text.pin_te_get.constprop.0
                0x00003a6c       0x18 modules/hal_nordic/nrfx/libmodules__hal_nordic__nrfx.a(nrfx_gpiote.c.obj)
 .text.pin_is_output.constprop.0
                0x00003a84       0x18 modules/hal_nordic/nrfx/libmodules__hal_nordic__nrfx.a(nrfx_gpiote.c.obj)
 .text.pin_in_use_by_te.constprop.0
                0x00003a9c       0x18 modules/hal_nordic/nrfx/libmodules__hal_nordic__nrfx.a(nrfx_gpiote.c.obj)
 .text.latch_pending_read_and_check
                0x00003ab4       0x40 modules/hal_nordic/nrfx/libmodules__hal_nordic__nrfx.a(nrfx_gpiote.c.obj)
 .text.release_handler.isra.0
                0x00003af4       0x58 modules/hal_nordic/nrfx/libmodules__hal_nordic__nrfx.a(nrfx_gpiote.c.obj)
 .text.__nrfy_internal_gpiote_events_process.constprop.0
                0x00003b4c       0x5c modules/hal_nordic/nrfx/libmodules__hal_nordic__nrfx.a(nrfx_gpiote.c.obj)
 .text.pin_uninit
                0x00003ba8       0x80 modules/hal_nordic/nrfx/libmodules__hal_nordic__nrfx.a(nrfx_gpiote.c.obj)
 .text.nrfx_gpiote_input_configure
                0x00003c28      0x174 modules/hal_nordic/nrfx/libmodules__hal_nordic__nrfx.a(nrfx_gpiote.c.obj)
                0x00003c28                nrfx_gpiote_input_configure
 .text.nrfx_gpiote_output_configure
                0x00003d9c       0xfc modules/hal_nordic/nrfx/libmodules__hal_nordic__nrfx.a(nrfx_gpiote.c.obj)
                0x00003d9c                nrfx_gpiote_output_configure
 .text.nrfx_gpiote_global_callback_set
                0x00003e98        0xc modules/hal_nordic/nrfx/libmodules__hal_nordic__nrfx.a(nrfx_gpiote.c.obj)
                0x00003e98                nrfx_gpiote_global_callback_set
 .text.nrfx_gpiote_channel_get
                0x00003ea4       0x34 modules/hal_nordic/nrfx/libmodules__hal_nordic__nrfx.a(nrfx_gpiote.c.obj)
                0x00003ea4                nrfx_gpiote_channel_get
 .text.nrfx_gpiote_init
                0x00003ed8       0x68 modules/hal_nordic/nrfx/libmodules__hal_nordic__nrfx.a(nrfx_gpiote.c.obj)
                0x00003ed8                nrfx_gpiote_init
 .text.nrfx_gpiote_init_check
                0x00003f40       0x14 modules/hal_nordic/nrfx/libmodules__hal_nordic__nrfx.a(nrfx_gpiote.c.obj)
                0x00003f40                nrfx_gpiote_init_check
 .text.nrfx_gpiote_channel_free
                0x00003f54        0xc modules/hal_nordic/nrfx/libmodules__hal_nordic__nrfx.a(nrfx_gpiote.c.obj)
                0x00003f54                nrfx_gpiote_channel_free
 .text.nrfx_gpiote_channel_alloc
                0x00003f60        0xc modules/hal_nordic/nrfx/libmodules__hal_nordic__nrfx.a(nrfx_gpiote.c.obj)
                0x00003f60                nrfx_gpiote_channel_alloc
 .text.nrfx_gpiote_trigger_enable
                0x00003f6c       0xb0 modules/hal_nordic/nrfx/libmodules__hal_nordic__nrfx.a(nrfx_gpiote.c.obj)
                0x00003f6c                nrfx_gpiote_trigger_enable
 .text.nrfx_gpiote_0_irq_handler
                0x0000401c      0x1b4 modules/hal_nordic/nrfx/libmodules__hal_nordic__nrfx.a(nrfx_gpiote.c.obj)
                0x0000401c                nrfx_gpiote_0_irq_handler
 .text.nvmc_word_write
                0x000041d0       0x18 modules/hal_nordic/nrfx/libmodules__hal_nordic__nrfx.a(nrfx_nvmc.c.obj)
 .text.nrfx_nvmc_page_erase
                0x000041e8       0x40 modules/hal_nordic/nrfx/libmodules__hal_nordic__nrfx.a(nrfx_nvmc.c.obj)
                0x000041e8                nrfx_nvmc_page_erase
 .text.nrfx_nvmc_word_write
                0x00004228       0x1c modules/hal_nordic/nrfx/libmodules__hal_nordic__nrfx.a(nrfx_nvmc.c.obj)
                0x00004228                nrfx_nvmc_word_write
 .text.qspi_ready_wait
                0x00004244       0x54 modules/hal_nordic/nrfx/libmodules__hal_nordic__nrfx.a(nrfx_qspi.c.obj)
 .text.qspi_activate
                0x00004298       0x34 modules/hal_nordic/nrfx/libmodules__hal_nordic__nrfx.a(nrfx_qspi.c.obj)
 .text.qspi_xfer
                0x000042cc       0xe8 modules/hal_nordic/nrfx/libmodules__hal_nordic__nrfx.a(nrfx_qspi.c.obj)
 .text.qspi_event_xfer_handle.constprop.0
                0x000043b4       0x28 modules/hal_nordic/nrfx/libmodules__hal_nordic__nrfx.a(nrfx_qspi.c.obj)
 .text.nrf_gpio_cfg.constprop.0
                0x000043dc       0x44 modules/hal_nordic/nrfx/libmodules__hal_nordic__nrfx.a(nrfx_qspi.c.obj)
 .text.nrf_qspi_cinstrdata_get.constprop.0
                0x00004420       0x40 modules/hal_nordic/nrfx/libmodules__hal_nordic__nrfx.a(nrfx_qspi.c.obj)
 .text.nrf_qspi_cinstrdata_set.constprop.0
                0x00004460       0x64 modules/hal_nordic/nrfx/libmodules__hal_nordic__nrfx.a(nrfx_qspi.c.obj)
 .text.nrf_qspi_pins_set.constprop.0
                0x000044c4       0x5c modules/hal_nordic/nrfx/libmodules__hal_nordic__nrfx.a(nrfx_qspi.c.obj)
 .text.qspi_deactivate
                0x00004520       0x34 modules/hal_nordic/nrfx/libmodules__hal_nordic__nrfx.a(nrfx_qspi.c.obj)
 .text.qspi_workaround_215_43_apply
                0x00004554       0x70 modules/hal_nordic/nrfx/libmodules__hal_nordic__nrfx.a(nrfx_qspi.c.obj)
 .text.qspi_configure
                0x000045c4       0xec modules/hal_nordic/nrfx/libmodules__hal_nordic__nrfx.a(nrfx_qspi.c.obj)
 .text.nrfx_qspi_init
                0x000046b0       0x40 modules/hal_nordic/nrfx/libmodules__hal_nordic__nrfx.a(nrfx_qspi.c.obj)
                0x000046b0                nrfx_qspi_init
 .text.nrfx_qspi_cinstr_xfer
                0x000046f0       0xac modules/hal_nordic/nrfx/libmodules__hal_nordic__nrfx.a(nrfx_qspi.c.obj)
                0x000046f0                nrfx_qspi_cinstr_xfer
 .text.nrfx_qspi_activate
                0x0000479c       0x18 modules/hal_nordic/nrfx/libmodules__hal_nordic__nrfx.a(nrfx_qspi.c.obj)
                0x0000479c                nrfx_qspi_activate
 .text.nrfx_qspi_deactivate
                0x000047b4       0x24 modules/hal_nordic/nrfx/libmodules__hal_nordic__nrfx.a(nrfx_qspi.c.obj)
                0x000047b4                nrfx_qspi_deactivate
 .text.nrfx_qspi_init_check
                0x000047d8       0x14 modules/hal_nordic/nrfx/libmodules__hal_nordic__nrfx.a(nrfx_qspi.c.obj)
                0x000047d8                nrfx_qspi_init_check
 .text.nrfx_qspi_erase
                0x000047ec       0x94 modules/hal_nordic/nrfx/libmodules__hal_nordic__nrfx.a(nrfx_qspi.c.obj)
                0x000047ec                nrfx_qspi_erase
 .text.nrfx_qspi_irq_handler
                0x00004880       0x94 modules/hal_nordic/nrfx/libmodules__hal_nordic__nrfx.a(nrfx_qspi.c.obj)
                0x00004880                nrfx_qspi_irq_handler
 .text.z_sys_init_run_level
                0x00004914       0x2c zephyr/kernel/libkernel.a(init.c.obj)
 .text.bg_thread_main
                0x00004940       0x34 zephyr/kernel/libkernel.a(init.c.obj)
 .text.z_bss_zero
                0x00004974       0x18 zephyr/kernel/libkernel.a(init.c.obj)
                0x00004974                z_bss_zero
 .text.z_cstart
                0x0000498c       0x78 zephyr/kernel/libkernel.a(init.c.obj)
                0x0000498c                z_cstart
 .text.z_data_copy
                0x00004a04       0x34 zephyr/kernel/libkernel.a(xip.c.obj)
                0x00004a04                z_data_copy
 .text.elapsed  0x00004a38       0x14 zephyr/kernel/libkernel.a(timeout.c.obj)
 .text.remove_timeout
                0x00004a4c       0x38 zephyr/kernel/libkernel.a(timeout.c.obj)
 .text.next_timeout
                0x00004a84       0x3c zephyr/kernel/libkernel.a(timeout.c.obj)
 .text.sys_clock_announce
                0x00004ac0       0xc0 zephyr/kernel/libkernel.a(timeout.c.obj)
                0x00004ac0                sys_clock_announce
 .text.nrf_cc3xx_platform_init_no_rng
                0x00004b80       0x38 /home/apcave/nordic/nrfxlib/crypto/nrf_cc310_platform/lib/cortex-m4/hard-float/no-interrupts/libnrf_cc310_platform_0.9.19.a(nrf_cc3xx_platform.c.obj)
                0x00004b80                nrf_cc3xx_platform_init_no_rng
 .text.nrf_cc3xx_platform_abort
                0x00004bb8       0x24 /home/apcave/nordic/nrfxlib/crypto/nrf_cc310_platform/lib/cortex-m4/hard-float/no-interrupts/libnrf_cc310_platform_0.9.19.a(nrf_cc3xx_platform_abort.c.obj)
 .text.CC_PalAbort
                0x00004bdc       0x38 /home/apcave/nordic/nrfxlib/crypto/nrf_cc310_platform/lib/cortex-m4/hard-float/no-interrupts/libnrf_cc310_platform_0.9.19.a(nrf_cc3xx_platform_abort.c.obj)
                0x00004bdc                CC_PalAbort
 .text.nrf_cc3xx_platform_set_abort
                0x00004c14       0x10 /home/apcave/nordic/nrfxlib/crypto/nrf_cc310_platform/lib/cortex-m4/hard-float/no-interrupts/libnrf_cc310_platform_0.9.19.a(nrf_cc3xx_platform_abort.c.obj)
                0x00004c14                nrf_cc3xx_platform_set_abort
 .text.CC_LibInitNoRng
                0x00004c24       0x64 /home/apcave/nordic/nrfxlib/crypto/nrf_cc310_platform/lib/cortex-m4/hard-float/no-interrupts/libnrf_cc310_platform_0.9.19.a(cc_lib.c.obj)
                0x00004c24                CC_LibInitNoRng
 .text.CC_HalInit
                0x00004c88        0x4 /home/apcave/nordic/nrfxlib/crypto/nrf_cc310_platform/lib/cortex-m4/hard-float/no-interrupts/libnrf_cc310_platform_0.9.19.a(cc_hal.c.obj)
                0x00004c88                CC_HalInit
 .text.CC_HalTerminate
                0x00004c8c        0x4 /home/apcave/nordic/nrfxlib/crypto/nrf_cc310_platform/lib/cortex-m4/hard-float/no-interrupts/libnrf_cc310_platform_0.9.19.a(cc_hal.c.obj)
                0x00004c8c                CC_HalTerminate
 .text.CC_HalMaskInterrupt
                0x00004c90        0xc /home/apcave/nordic/nrfxlib/crypto/nrf_cc310_platform/lib/cortex-m4/hard-float/no-interrupts/libnrf_cc310_platform_0.9.19.a(cc_hal.c.obj)
                0x00004c90                CC_HalMaskInterrupt
 .text.CC_PalInit
                0x00004c9c       0x5c /home/apcave/nordic/nrfxlib/crypto/nrf_cc310_platform/lib/cortex-m4/hard-float/no-interrupts/libnrf_cc310_platform_0.9.19.a(cc_pal.c.obj)
                0x00004c9c                CC_PalInit
 .text.CC_PalTerminate
                0x00004cf8       0x34 /home/apcave/nordic/nrfxlib/crypto/nrf_cc310_platform/lib/cortex-m4/hard-float/no-interrupts/libnrf_cc310_platform_0.9.19.a(cc_pal.c.obj)
                0x00004cf8                CC_PalTerminate
 .text.CC_PalDmaInit
                0x00004d2c        0x4 /home/apcave/nordic/nrfxlib/crypto/nrf_cc310_platform/lib/cortex-m4/hard-float/no-interrupts/libnrf_cc310_platform_0.9.19.a(cc_pal_dma.c.obj)
                0x00004d2c                CC_PalDmaInit
 .text.CC_PalDmaTerminate
                0x00004d30        0x4 /home/apcave/nordic/nrfxlib/crypto/nrf_cc310_platform/lib/cortex-m4/hard-float/no-interrupts/libnrf_cc310_platform_0.9.19.a(cc_pal_dma.c.obj)
                0x00004d30                CC_PalDmaTerminate
 .text.CC_PalMutexCreate
                0x00004d34       0x14 /home/apcave/nordic/nrfxlib/crypto/nrf_cc310_platform/lib/cortex-m4/hard-float/no-interrupts/libnrf_cc310_platform_0.9.19.a(cc_pal_mutex.c.obj)
                0x00004d34                CC_PalMutexCreate
 .text.CC_PalMutexDestroy
                0x00004d48       0x14 /home/apcave/nordic/nrfxlib/crypto/nrf_cc310_platform/lib/cortex-m4/hard-float/no-interrupts/libnrf_cc310_platform_0.9.19.a(cc_pal_mutex.c.obj)
                0x00004d48                CC_PalMutexDestroy
 .text.CC_PalPowerSaveModeInit
                0x00004d5c       0x3c /home/apcave/nordic/nrfxlib/crypto/nrf_cc310_platform/lib/cortex-m4/hard-float/no-interrupts/libnrf_cc310_platform_0.9.19.a(cc_pal_pm.c.obj)
                0x00004d5c                CC_PalPowerSaveModeInit
 .text.CC_PalPowerSaveModeSelect
                0x00004d98       0x84 /home/apcave/nordic/nrfxlib/crypto/nrf_cc310_platform/lib/cortex-m4/hard-float/no-interrupts/libnrf_cc310_platform_0.9.19.a(cc_pal_pm.c.obj)
                0x00004d98                CC_PalPowerSaveModeSelect
 .text.mutex_free
                0x00004e1c       0x34 /home/apcave/nordic/nrfxlib/crypto/nrf_cc310_platform/lib/cortex-m4/hard-float/no-interrupts/libnrf_cc310_platform_0.9.19.a(nrf_cc3xx_platform_mutex.c.obj)
 .text.mutex_lock
                0x00004e50       0x48 /home/apcave/nordic/nrfxlib/crypto/nrf_cc310_platform/lib/cortex-m4/hard-float/no-interrupts/libnrf_cc310_platform_0.9.19.a(nrf_cc3xx_platform_mutex.c.obj)
 .text.mutex_unlock
                0x00004e98       0x38 /home/apcave/nordic/nrfxlib/crypto/nrf_cc310_platform/lib/cortex-m4/hard-float/no-interrupts/libnrf_cc310_platform_0.9.19.a(nrf_cc3xx_platform_mutex.c.obj)
 .text.mutex_init
                0x00004ed0       0x20 /home/apcave/nordic/nrfxlib/crypto/nrf_cc310_platform/lib/cortex-m4/hard-float/no-interrupts/libnrf_cc310_platform_0.9.19.a(nrf_cc3xx_platform_mutex.c.obj)
 .text.verify_context_ecdsa_verify_secp256r1
                0x00004ef0       0x20 /home/apcave/nordic/nrfxlib/crypto/nrf_cc310_bl/lib/cortex-m4/hard-float/no-interrupts/libnrf_cc310_bl_0.9.12.a(nrf_cc310_bl_ecdsa_verify_secp256r1.c.obj)
 .text.nrf_cc310_bl_ecdsa_verify_init_secp256r1
                0x00004f10       0x4c /home/apcave/nordic/nrfxlib/crypto/nrf_cc310_bl/lib/cortex-m4/hard-float/no-interrupts/libnrf_cc310_bl_0.9.12.a(nrf_cc310_bl_ecdsa_verify_secp256r1.c.obj)
                0x00004f10                nrf_cc310_bl_ecdsa_verify_init_secp256r1
 .text.nrf_cc310_bl_ecdsa_verify_hash_secp256r1
                0x00004f5c      0x168 /home/apcave/nordic/nrfxlib/crypto/nrf_cc310_bl/lib/cortex-m4/hard-float/no-interrupts/libnrf_cc310_bl_0.9.12.a(nrf_cc310_bl_ecdsa_verify_secp256r1.c.obj)
                0x00004f5c                nrf_cc310_bl_ecdsa_verify_hash_secp256r1
 .text.set_digest_in_hw_sha256
                0x000050c4       0x38 /home/apcave/nordic/nrfxlib/crypto/nrf_cc310_bl/lib/cortex-m4/hard-float/no-interrupts/libnrf_cc310_bl_0.9.12.a(nrf_cc310_bl_hash_sha256.c.obj)
 .text.read_digest_in_hw_sha256
                0x000050fc       0x54 /home/apcave/nordic/nrfxlib/crypto/nrf_cc310_bl/lib/cortex-m4/hard-float/no-interrupts/libnrf_cc310_bl_0.9.12.a(nrf_cc310_bl_hash_sha256.c.obj)
 .text.verify_context_hash_sha256
                0x00005150       0x20 /home/apcave/nordic/nrfxlib/crypto/nrf_cc310_bl/lib/cortex-m4/hard-float/no-interrupts/libnrf_cc310_bl_0.9.12.a(nrf_cc310_bl_hash_sha256.c.obj)
 .text.nrf_cc310_bl_hash_sha256_init
                0x00005170       0x34 /home/apcave/nordic/nrfxlib/crypto/nrf_cc310_bl/lib/cortex-m4/hard-float/no-interrupts/libnrf_cc310_bl_0.9.12.a(nrf_cc310_bl_hash_sha256.c.obj)
                0x00005170                nrf_cc310_bl_hash_sha256_init
 .text.nrf_cc310_bl_hash_sha256_update
                0x000051a4       0xb0 /home/apcave/nordic/nrfxlib/crypto/nrf_cc310_bl/lib/cortex-m4/hard-float/no-interrupts/libnrf_cc310_bl_0.9.12.a(nrf_cc310_bl_hash_sha256.c.obj)
                0x000051a4                nrf_cc310_bl_hash_sha256_update
 .text.nrf_cc310_bl_hash_sha256_finalize
                0x00005254       0x60 /home/apcave/nordic/nrfxlib/crypto/nrf_cc310_bl/lib/cortex-m4/hard-float/no-interrupts/libnrf_cc310_bl_0.9.12.a(nrf_cc310_bl_hash_sha256.c.obj)
                0x00005254                nrf_cc310_bl_hash_sha256_finalize
 .text.nrf_cc310_bl_init
                0x000052b4       0x34 /home/apcave/nordic/nrfxlib/crypto/nrf_cc310_bl/lib/cortex-m4/hard-float/no-interrupts/libnrf_cc310_bl_0.9.12.a(nrf_cc310_bl_init.c.obj)
                0x000052b4                nrf_cc310_bl_init
 .text.PkaSetRegsMapTab
                0x000052e8       0x48 /home/apcave/nordic/nrfxlib/crypto/nrf_cc310_bl/lib/cortex-m4/hard-float/no-interrupts/libnrf_cc310_bl_0.9.12.a(pka.c.obj)
                0x000052e8                PkaSetRegsMapTab
 .text.PkaGetRegEffectiveSizeInBits
                0x00005330       0x8c /home/apcave/nordic/nrfxlib/crypto/nrf_cc310_bl/lib/cortex-m4/hard-float/no-interrupts/libnrf_cc310_bl_0.9.12.a(pka.c.obj)
                0x00005330                PkaGetRegEffectiveSizeInBits
 .text.PkaGetNextMsBit
                0x000053bc       0x74 /home/apcave/nordic/nrfxlib/crypto/nrf_cc310_bl/lib/cortex-m4/hard-float/no-interrupts/libnrf_cc310_bl_0.9.12.a(pka.c.obj)
                0x000053bc                PkaGetNextMsBit
 .text.PkaSetRegsSizesTab
                0x00005430       0x3c /home/apcave/nordic/nrfxlib/crypto/nrf_cc310_bl/lib/cortex-m4/hard-float/no-interrupts/libnrf_cc310_bl_0.9.12.a(pka.c.obj)
                0x00005430                PkaSetRegsSizesTab
 .text.PkaInitPka
                0x0000546c       0x74 /home/apcave/nordic/nrfxlib/crypto/nrf_cc310_bl/lib/cortex-m4/hard-float/no-interrupts/libnrf_cc310_bl_0.9.12.a(pka.c.obj)
                0x0000546c                PkaInitPka
 .text.PkaClearBlockOfRegs
                0x000054e0      0x130 /home/apcave/nordic/nrfxlib/crypto/nrf_cc310_bl/lib/cortex-m4/hard-float/no-interrupts/libnrf_cc310_bl_0.9.12.a(pka.c.obj)
                0x000054e0                PkaClearBlockOfRegs
 .text.PkaFinishAndMutexUnlock
                0x00005610       0x24 /home/apcave/nordic/nrfxlib/crypto/nrf_cc310_bl/lib/cortex-m4/hard-float/no-interrupts/libnrf_cc310_bl_0.9.12.a(pka.c.obj)
                0x00005610                PkaFinishAndMutexUnlock
 .text.PkaCopyDataIntoPkaReg
                0x00005634       0xb8 /home/apcave/nordic/nrfxlib/crypto/nrf_cc310_bl/lib/cortex-m4/hard-float/no-interrupts/libnrf_cc310_bl_0.9.12.a(pka.c.obj)
                0x00005634                PkaCopyDataIntoPkaReg
 .text.PkaEcdsaVerify
                0x000056ec      0x284 /home/apcave/nordic/nrfxlib/crypto/nrf_cc310_bl/lib/cortex-m4/hard-float/no-interrupts/libnrf_cc310_bl_0.9.12.a(pka_ec_wrst_dsa_verify.c.obj)
                0x000056ec                PkaEcdsaVerify
 .text.nrf_cc310_bl_hash_update_internal
                0x00005970       0xf0 /home/apcave/nordic/nrfxlib/crypto/nrf_cc310_bl/lib/cortex-m4/hard-float/no-interrupts/libnrf_cc310_bl_0.9.12.a(nrf_cc310_bl_hash.c.obj)
                0x00005970                nrf_cc310_bl_hash_update_internal
 .text.PkaDoubleMdf2Mdf
                0x00005a60      0x1ac /home/apcave/nordic/nrfxlib/crypto/nrf_cc310_bl/lib/cortex-m4/hard-float/no-interrupts/libnrf_cc310_bl_0.9.12.a(pka_ec_wrst.c.obj)
                0x00005a60                PkaDoubleMdf2Mdf
 .text.PkaDoubleMdf2Jcb
                0x00005c0c      0x178 /home/apcave/nordic/nrfxlib/crypto/nrf_cc310_bl/lib/cortex-m4/hard-float/no-interrupts/libnrf_cc310_bl_0.9.12.a(pka_ec_wrst.c.obj)
                0x00005c0c                PkaDoubleMdf2Jcb
 .text.PkaAddJcbAfn2Mdf
                0x00005d84      0x194 /home/apcave/nordic/nrfxlib/crypto/nrf_cc310_bl/lib/cortex-m4/hard-float/no-interrupts/libnrf_cc310_bl_0.9.12.a(pka_ec_wrst.c.obj)
                0x00005d84                PkaAddJcbAfn2Mdf
 .text.PkaJcb2Afn
                0x00005f18       0xb0 /home/apcave/nordic/nrfxlib/crypto/nrf_cc310_bl/lib/cortex-m4/hard-float/no-interrupts/libnrf_cc310_bl_0.9.12.a(pka_ec_wrst.c.obj)
                0x00005f18                PkaJcb2Afn
 .text.PkaAddAff
                0x00005fc8      0x114 /home/apcave/nordic/nrfxlib/crypto/nrf_cc310_bl/lib/cortex-m4/hard-float/no-interrupts/libnrf_cc310_bl_0.9.12.a(pka_ec_wrst.c.obj)
                0x00005fc8                PkaAddAff
 .text.PkaSum2ScalarMullt
                0x000060dc      0x1e4 /home/apcave/nordic/nrfxlib/crypto/nrf_cc310_bl/lib/cortex-m4/hard-float/no-interrupts/libnrf_cc310_bl_0.9.12.a(pka_ec_wrst.c.obj)
                0x000060dc                PkaSum2ScalarMullt
 .text.SaSi_HalClearInterruptBit
                0x000062c0        0xc /home/apcave/nordic/nrfxlib/crypto/nrf_cc310_bl/lib/cortex-m4/hard-float/no-interrupts/libnrf_cc310_bl_0.9.12.a(ssi_hal.c.obj)
                0x000062c0                SaSi_HalClearInterruptBit
 .text.SaSi_HalMaskInterrupt
                0x000062cc        0xc /home/apcave/nordic/nrfxlib/crypto/nrf_cc310_bl/lib/cortex-m4/hard-float/no-interrupts/libnrf_cc310_bl_0.9.12.a(ssi_hal.c.obj)
                0x000062cc                SaSi_HalMaskInterrupt
 .text.SaSi_HalWaitInterrupt
                0x000062d8       0x18 /home/apcave/nordic/nrfxlib/crypto/nrf_cc310_bl/lib/cortex-m4/hard-float/no-interrupts/libnrf_cc310_bl_0.9.12.a(ssi_hal.c.obj)
                0x000062d8                SaSi_HalWaitInterrupt
 .text._OffsetAbsSyms
                0x000062f0        0x2 zephyr/CMakeFiles/offsets.dir/./arch/arm/core/offsets/offsets.c.obj
                0x000062f0                _OffsetAbsSyms
 .text.flash_device_base
                0x000062f2        0xc app/libapp.a(flash_map_extended.c.obj)
                0x000062f2                flash_device_base
 .text.flash_area_get_device_id
                0x000062fe        0x4 app/libapp.a(flash_map_extended.c.obj)
                0x000062fe                flash_area_get_device_id
 .text.flash_area_get_sector
                0x00006302       0x32 app/libapp.a(flash_map_extended.c.obj)
                0x00006302                flash_area_get_sector
 .text.os_heap_init
                0x00006334        0x2 app/libapp.a(os.c.obj)
                0x00006334                os_heap_init
 .text.bootutil_tlv_iter_begin
                0x00006336       0x9c app/libapp.a(tlv.c.obj)
                0x00006336                bootutil_tlv_iter_begin
 .text.bootutil_tlv_iter_next
                0x000063d2       0x98 app/libapp.a(tlv.c.obj)
                0x000063d2                bootutil_tlv_iter_next
 .text.bootutil_tlv_iter_is_prot
                0x0000646a       0x1c app/libapp.a(tlv.c.obj)
                0x0000646a                bootutil_tlv_iter_is_prot
 .text.bootutil_read_bigint
                0x00006486       0x58 app/libapp.a(image_ecdsa.c.obj)
 .text.boot_fih_memequal
                0x000064de        0x4 app/libapp.a(bootutil_misc.c.obj)
                0x000064de                boot_fih_memequal
 .text.boot_trailer_sz
                0x000064e2        0xa app/libapp.a(bootutil_misc.c.obj)
                0x000064e2                boot_trailer_sz
 .text.boot_status_off
                0x000064ec       0x16 app/libapp.a(bootutil_misc.c.obj)
                0x000064ec                boot_status_off
 .text.boot_read_swap_size
                0x00006502       0x1c app/libapp.a(bootutil_misc.c.obj)
                0x00006502                boot_read_swap_size
 .text.boot_write_swap_size
                0x0000651e       0x1e app/libapp.a(bootutil_misc.c.obj)
                0x0000651e                boot_write_swap_size
 .text.bootutil_max_image_size
                0x0000653c       0x1e app/libapp.a(bootutil_misc.c.obj)
                0x0000653c                bootutil_max_image_size
 .text.boot_read_image_headers
                0x0000655a       0x2c app/libapp.a(loader.c.obj)
 .text.boot_read_image_size.constprop.0.isra.0
                0x00006586       0x82 app/libapp.a(loader.c.obj)
 .text.boot_read_sectors
                0x00006608       0x42 app/libapp.a(loader.c.obj)
 .text.boot_status_reset
                0x0000664a       0x12 app/libapp.a(loader.c.obj)
                0x0000664a                boot_status_reset
 .text.boot_status_is_reset
                0x0000665c       0x1a app/libapp.a(loader.c.obj)
                0x0000665c                boot_status_is_reset
 .text.boot_write_status
                0x00006676       0x64 app/libapp.a(loader.c.obj)
                0x00006676                boot_write_status
 .text.boot_erase_region
                0x000066da        0x4 app/libapp.a(loader.c.obj)
                0x000066da                boot_erase_region
 .text.swap_erase_trailer_sectors
                0x000066de       0x6a app/libapp.a(swap_misc.c.obj)
                0x000066de                swap_erase_trailer_sectors
 .text.swap_status_init
                0x00006748       0x3e app/libapp.a(swap_misc.c.obj)
                0x00006748                swap_status_init
 .text.swap_read_status
                0x00006786       0x78 app/libapp.a(swap_misc.c.obj)
                0x00006786                swap_read_status
 .text.app_max_sectors
                0x000067fe       0x22 app/libapp.a(swap_move.c.obj)
 .text.find_last_idx
                0x00006820       0x14 app/libapp.a(swap_move.c.obj)
                0x00006820                find_last_idx
 .text.swap_read_status_bytes
                0x00006834       0x9a app/libapp.a(swap_move.c.obj)
                0x00006834                swap_read_status_bytes
 .text.boot_status_internal_off
                0x000068ce       0x2e app/libapp.a(swap_move.c.obj)
                0x000068ce                boot_status_internal_off
 .text.boot_slots_compatible
                0x000068fc       0x5a app/libapp.a(swap_move.c.obj)
                0x000068fc                boot_slots_compatible
 .text.swap_status_source
                0x00006956       0x38 app/libapp.a(swap_move.c.obj)
                0x00006956                swap_status_source
 .text.mbedtls_asn1_get_len
                0x0000698e       0x98 app/libapp.a(asn1parse.c.obj)
                0x0000698e                mbedtls_asn1_get_len
 .text.mbedtls_asn1_get_tag
                0x00006a26       0x28 app/libapp.a(asn1parse.c.obj)
                0x00006a26                mbedtls_asn1_get_tag
 .text.mbedtls_asn1_get_bitstring_null
                0x00006a4e       0x28 app/libapp.a(asn1parse.c.obj)
                0x00006a4e                mbedtls_asn1_get_bitstring_null
 .text.mbedtls_asn1_get_alg
                0x00006a76       0x94 app/libapp.a(asn1parse.c.obj)
                0x00006a76                mbedtls_asn1_get_alg
 .text.cc310_sha256_update
                0x00006b0a       0x36 app/libapp.a(cc310_glue.c.obj)
                0x00006b0a                cc310_sha256_update
 .text.arch_printk_char_out
                0x00006b40        0x4 zephyr/libzephyr.a(printk.c.obj)
                0x00006b40                arch_printk_char_out
 .text.printk   0x00006b44       0x1a zephyr/libzephyr.a(printk.c.obj)
                0x00006b44                printk
 .text.process_recheck
                0x00006b5e       0x38 zephyr/libzephyr.a(onoff.c.obj)
 .text.validate_args
                0x00006b96       0x20 zephyr/libzephyr.a(onoff.c.obj)
 .text.notify_one
                0x00006bb6       0x2c zephyr/libzephyr.a(onoff.c.obj)
 .text.transition_complete
                0x00006be2       0x1c zephyr/libzephyr.a(onoff.c.obj)
 .text.onoff_manager_init
                0x00006bfe       0x26 zephyr/libzephyr.a(onoff.c.obj)
                0x00006bfe                onoff_manager_init
 .text.onoff_request
                0x00006c24       0x9e zephyr/libzephyr.a(onoff.c.obj)
                0x00006c24                onoff_request
 .text.sys_notify_validate
                0x00006cc2       0x22 zephyr/libzephyr.a(notify.c.obj)
                0x00006cc2                sys_notify_validate
 .text.sys_notify_finalize
                0x00006ce4       0x1a zephyr/libzephyr.a(notify.c.obj)
                0x00006ce4                sys_notify_finalize
 .text._ConfigAbsSyms
                0x00006cfe        0x2 zephyr/libzephyr.a(configs.c.obj)
                0x00006cfe                _ConfigAbsSyms
 .text.flash_area_close
                0x00006d00        0x2 zephyr/libzephyr.a(flash_map.c.obj)
                0x00006d00                flash_area_close
 .text.flash_area_read
                0x00006d02       0x2a zephyr/libzephyr.a(flash_map.c.obj)
                0x00006d02                flash_area_read
 .text.flash_area_write
                0x00006d2c       0x2a zephyr/libzephyr.a(flash_map.c.obj)
                0x00006d2c                flash_area_write
 .text.flash_area_erase
                0x00006d56       0x34 zephyr/libzephyr.a(flash_map.c.obj)
                0x00006d56                flash_area_erase
 .text.flash_area_align
                0x00006d8a        0xe zephyr/libzephyr.a(flash_map.c.obj)
                0x00006d8a                flash_area_align
 .text.flash_area_erased_val
                0x00006d98        0xe zephyr/libzephyr.a(flash_map.c.obj)
                0x00006d98                flash_area_erased_val
 .text.get_sectors_cb
                0x00006da6       0x44 zephyr/libzephyr.a(flash_map_layout.c.obj)
 .text.abort_function
                0x00006dea        0x2 zephyr/libzephyr.a(nrf_cc3xx_platform_abort_zephyr.c.obj)
 .text.nrf_cc3xx_platform_mutex_init
                0x00006dec        0x2 zephyr/libzephyr.a(nrf_cc3xx_platform_no_mutex_zephyr.c.obj)
                0x00006dec                nrf_cc3xx_platform_mutex_init
 .text.z_arm_fatal_error
                0x00006dee        0xc zephyr/arch/arch/arm/core/libarch__arm__core.a(fatal.c.obj)
                0x00006dee                z_arm_fatal_error
 .text.z_do_kernel_oops
                0x00006dfa        0x8 zephyr/arch/arch/arm/core/libarch__arm__core.a(fatal.c.obj)
                0x00006dfa                z_do_kernel_oops
 .text.z_arm_nmi
                0x00006e02        0xe zephyr/arch/arch/arm/core/libarch__arm__core.a(nmi.c.obj)
                0x00006e02                z_arm_nmi
 .text._HandlerModeExit
                0x00006e10        0x2 zephyr/arch/arch/arm/core/cortex_m/libarch__arm__core__cortex_m.a(exc_exit.c.obj)
                0x00006e10                z_arm_exc_exit
                0x00006e10                z_arm_int_exit
 .text.z_irq_spurious
                0x00006e12        0x8 zephyr/arch/arch/arm/core/cortex_m/libarch__arm__core__cortex_m.a(irq_manage.c.obj)
                0x00006e12                z_irq_spurious
 .text.arch_irq_unlock_outlined
                0x00006e1a        0xe zephyr/arch/arch/arm/core/cortex_m/libarch__arm__core__cortex_m.a(thread.c.obj)
                0x00006e1a                arch_irq_unlock_outlined
 .text.arch_irq_lock_outlined
                0x00006e28       0x10 zephyr/arch/arch/arm/core/cortex_m/libarch__arm__core__cortex_m.a(thread.c.obj)
                0x00006e28                arch_irq_lock_outlined
 .text.arch_cpu_atomic_idle
                0x00006e38       0x1e zephyr/arch/arch/arm/core/cortex_m/libarch__arm__core__cortex_m.a(cpu_idle.c.obj)
                0x00006e38                arch_cpu_atomic_idle
 .text.size_to_mpu_rasr_size
                0x00006e56       0x20 zephyr/arch/arch/arm/core/mpu/libarch__arm__core__mpu.a(arm_mpu.c.obj)
 .text.strlen   0x00006e76        0xe zephyr/lib/libc/minimal/liblib__libc__minimal.a(string.c.obj)
                0x00006e76                strlen
 .text.memcmp   0x00006e84       0x20 zephyr/lib/libc/minimal/liblib__libc__minimal.a(string.c.obj)
                0x00006e84                memcmp
 .text.memmove  0x00006ea4       0x2e zephyr/lib/libc/minimal/liblib__libc__minimal.a(string.c.obj)
                0x00006ea4                memmove
 .text.memcpy   0x00006ed2       0x16 zephyr/lib/libc/minimal/liblib__libc__minimal.a(string.c.obj)
                0x00006ed2                memcpy
 .text.memset   0x00006ee8       0x12 zephyr/lib/libc/minimal/liblib__libc__minimal.a(string.c.obj)
                0x00006ee8                memset
 .text.get_status
                0x00006efa       0x12 zephyr/drivers/clock_control/libdrivers__clock_control.a(clock_control_nrf.c.obj)
 .text.stop     0x00006f0c       0x50 zephyr/drivers/clock_control/libdrivers__clock_control.a(clock_control_nrf.c.obj)
 .text.api_stop
                0x00006f5c        0x6 zephyr/drivers/clock_control/libdrivers__clock_control.a(clock_control_nrf.c.obj)
 .text.async_start
                0x00006f62       0x60 zephyr/drivers/clock_control/libdrivers__clock_control.a(clock_control_nrf.c.obj)
 .text.api_start
                0x00006fc2        0xe zephyr/drivers/clock_control/libdrivers__clock_control.a(clock_control_nrf.c.obj)
 .text.api_blocking_start
                0x00006fd0        0x6 zephyr/drivers/clock_control/libdrivers__clock_control.a(clock_control_nrf.c.obj)
 .text.onoff_started_callback
                0x00006fd6       0x14 zephyr/drivers/clock_control/libdrivers__clock_control.a(clock_control_nrf.c.obj)
 .text.lfclk_start
                0x00006fea        0x6 zephyr/drivers/clock_control/libdrivers__clock_control.a(clock_control_nrf.c.obj)
 .text.lfclk_stop
                0x00006ff0        0x6 zephyr/drivers/clock_control/libdrivers__clock_control.a(clock_control_nrf.c.obj)
 .text.qspi_handler
                0x00006ff6        0x8 zephyr/drivers/flash/libdrivers__flash.a(nrf_qspi_nor.c.obj)
 .text.qspi_send_cmd.constprop.0
                0x00006ffe       0x62 zephyr/drivers/flash/libdrivers__flash.a(nrf_qspi_nor.c.obj)
 .text.qspi_nor_write_protection_set.isra.0
                0x00007060       0x2a zephyr/drivers/flash/libdrivers__flash.a(nrf_qspi_nor.c.obj)
 .text.qspi_rdsr.isra.0
                0x0000708a       0x3c zephyr/drivers/flash/libdrivers__flash.a(nrf_qspi_nor.c.obj)
 .text.qspi_release.isra.0
                0x000070c6        0xa zephyr/drivers/flash/libdrivers__flash.a(nrf_qspi_nor.c.obj)
 .text.is_regular_addr_valid
                0x000070d0       0x22 zephyr/drivers/flash/libdrivers__flash.a(soc_flash_nrf.c.obj)
 .text.flash_nrf_read
                0x000070f2       0x28 zephyr/drivers/flash/libdrivers__flash.a(soc_flash_nrf.c.obj)
 .text.flash_get_page_info
                0x0000711a       0x66 zephyr/drivers/flash/libdrivers__flash.a(flash_page_layout.c.obj)
 .text.z_impl_flash_get_page_info_by_offs
                0x00007180        0x8 zephyr/drivers/flash/libdrivers__flash.a(flash_page_layout.c.obj)
                0x00007180                z_impl_flash_get_page_info_by_offs
 .text.flash_page_foreach
                0x00007188       0x58 zephyr/drivers/flash/libdrivers__flash.a(flash_page_layout.c.obj)
                0x00007188                flash_page_foreach
 .text.gpio_nrfx_port_get_raw
                0x000071e0        0xe zephyr/drivers/gpio/libdrivers__gpio.a(gpio_nrfx.c.obj)
 .text.gpio_nrfx_port_set_masked_raw
                0x000071ee       0x18 zephyr/drivers/gpio/libdrivers__gpio.a(gpio_nrfx.c.obj)
 .text.gpio_nrfx_port_set_bits_raw
                0x00007206        0xc zephyr/drivers/gpio/libdrivers__gpio.a(gpio_nrfx.c.obj)
 .text.gpio_nrfx_port_clear_bits_raw
                0x00007212        0xc zephyr/drivers/gpio/libdrivers__gpio.a(gpio_nrfx.c.obj)
 .text.gpio_nrfx_port_toggle_bits
                0x0000721e       0x1a zephyr/drivers/gpio/libdrivers__gpio.a(gpio_nrfx.c.obj)
 .text.gpio_nrfx_manage_callback
                0x00007238       0x52 zephyr/drivers/gpio/libdrivers__gpio.a(gpio_nrfx.c.obj)
 .text.pinctrl_lookup_state
                0x0000728a       0x26 zephyr/drivers/pinctrl/libdrivers__pinctrl.a(common.c.obj)
                0x0000728a                pinctrl_lookup_state
 .text.event_clear
                0x000072b0       0x18 zephyr/drivers/timer/libdrivers__timer.a(nrf_rtc_timer.c.obj)
 .text.fprotect_set_permission
                0x000072c8       0x7e modules/nrf/lib/fprotect/lib..__nrf__lib__fprotect.a(fprotect_acl.c.obj)
 .text.fprotect_area
                0x00007346        0x6 modules/nrf/lib/fprotect/lib..__nrf__lib__fprotect.a(fprotect_acl.c.obj)
                0x00007346                fprotect_area
 .text.hw_cc3xx_init_internal
                0x0000734c        0x4 modules/nrf/drivers/hw_cc3xx/lib..__nrf__drivers__hw_cc3xx.a(hw_cc3xx.c.obj)
 .text.hw_cc3xx_init
                0x00007350       0x12 modules/nrf/drivers/hw_cc3xx/lib..__nrf__drivers__hw_cc3xx.a(hw_cc3xx.c.obj)
 .text.boot_swap_info_off
                0x00007362        0xc modules/mcuboot/boot/bootutil/zephyr/libmcuboot_util.a(bootutil_public.c.obj)
                0x00007362                boot_swap_info_off
 .text.boot_magic_compatible_check
                0x0000736e       0x1c modules/mcuboot/boot/bootutil/zephyr/libmcuboot_util.a(bootutil_public.c.obj)
                0x0000736e                boot_magic_compatible_check
 .text.bootutil_buffer_is_erased
                0x0000738a       0x26 modules/mcuboot/boot/bootutil/zephyr/libmcuboot_util.a(bootutil_public.c.obj)
                0x0000738a                bootutil_buffer_is_erased
 .text.boot_read_flag
                0x000073b0       0x38 modules/mcuboot/boot/bootutil/zephyr/libmcuboot_util.a(bootutil_public.c.obj)
 .text.boot_write_trailer
                0x000073e8       0x58 modules/mcuboot/boot/bootutil/zephyr/libmcuboot_util.a(bootutil_public.c.obj)
                0x000073e8                boot_write_trailer
 .text.boot_write_trailer_flag
                0x00007440       0x14 modules/mcuboot/boot/bootutil/zephyr/libmcuboot_util.a(bootutil_public.c.obj)
                0x00007440                boot_write_trailer_flag
 .text.boot_write_image_ok
                0x00007454        0xe modules/mcuboot/boot/bootutil/zephyr/libmcuboot_util.a(bootutil_public.c.obj)
                0x00007454                boot_write_image_ok
 .text.boot_read_image_ok
                0x00007462        0xc modules/mcuboot/boot/bootutil/zephyr/libmcuboot_util.a(bootutil_public.c.obj)
                0x00007462                boot_read_image_ok
 .text.boot_read_swap_state_by_id
                0x0000746e       0x28 modules/mcuboot/boot/bootutil/zephyr/libmcuboot_util.a(bootutil_public.c.obj)
                0x0000746e                boot_read_swap_state_by_id
 .text.boot_write_swap_info
                0x00007496       0x22 modules/mcuboot/boot/bootutil/zephyr/libmcuboot_util.a(bootutil_public.c.obj)
                0x00007496                boot_write_swap_info
 .text.boot_write_copy_done
                0x000074b8       0x10 modules/mcuboot/boot/bootutil/zephyr/libmcuboot_util.a(bootutil_public.c.obj)
                0x000074b8                boot_write_copy_done
 .text.nrfx_isr
                0x000074c8        0x2 modules/hal_nordic/nrfx/libmodules__hal_nordic__nrfx.a(nrfx_glue.c.obj)
                0x000074c8                nrfx_isr
 .text.nrfx_busy_wait
                0x000074ca        0x4 modules/hal_nordic/nrfx/libmodules__hal_nordic__nrfx.a(nrfx_glue.c.obj)
                0x000074ca                nrfx_busy_wait
 .text.nrfx_clock_stop
                0x000074ce        0x4 modules/hal_nordic/nrfx/libmodules__hal_nordic__nrfx.a(nrfx_clock.c.obj)
                0x000074ce                nrfx_clock_stop
 .text.nrf_gpio_reconfigure
                0x000074d2       0x92 modules/hal_nordic/nrfx/libmodules__hal_nordic__nrfx.a(nrfx_gpiote.c.obj)
 .text.nrf_gpio_cfg_sense_set
                0x00007564       0x1e modules/hal_nordic/nrfx/libmodules__hal_nordic__nrfx.a(nrfx_gpiote.c.obj)
 .text.pin_trigger_disable
                0x00007582       0x48 modules/hal_nordic/nrfx/libmodules__hal_nordic__nrfx.a(nrfx_gpiote.c.obj)
 .text.nrfx_gpiote_pin_uninit
                0x000075ca        0x4 modules/hal_nordic/nrfx/libmodules__hal_nordic__nrfx.a(nrfx_gpiote.c.obj)
                0x000075ca                nrfx_gpiote_pin_uninit
 .text.nrfx_gpiote_trigger_disable
                0x000075ce        0x4 modules/hal_nordic/nrfx/libmodules__hal_nordic__nrfx.a(nrfx_gpiote.c.obj)
                0x000075ce                nrfx_gpiote_trigger_disable
 .text.nrfx_nvmc_flash_size_get
                0x000075d2        0xc modules/hal_nordic/nrfx/libmodules__hal_nordic__nrfx.a(nrfx_nvmc.c.obj)
                0x000075d2                nrfx_nvmc_flash_size_get
 .text.nrfx_nvmc_flash_page_size_get
                0x000075de        0x8 modules/hal_nordic/nrfx/libmodules__hal_nordic__nrfx.a(nrfx_nvmc.c.obj)
                0x000075de                nrfx_nvmc_flash_page_size_get
 .text.nrfx_nvmc_flash_page_count_get
                0x000075e6        0x8 modules/hal_nordic/nrfx/libmodules__hal_nordic__nrfx.a(nrfx_nvmc.c.obj)
                0x000075e6                nrfx_nvmc_flash_page_count_get
 .text.nrfx_qspi_write
                0x000075ee        0x6 modules/hal_nordic/nrfx/libmodules__hal_nordic__nrfx.a(nrfx_qspi.c.obj)
                0x000075ee                nrfx_qspi_write
 .text.nrfx_qspi_read
                0x000075f4        0x6 modules/hal_nordic/nrfx/libmodules__hal_nordic__nrfx.a(nrfx_qspi.c.obj)
                0x000075f4                nrfx_qspi_read
 .text.nrfx_qspi_chip_erase
                0x000075fa        0x8 modules/hal_nordic/nrfx/libmodules__hal_nordic__nrfx.a(nrfx_qspi.c.obj)
                0x000075fa                nrfx_qspi_chip_erase
 .text.z_impl_k_busy_wait
                0x00007602        0x8 zephyr/kernel/libkernel.a(busy_wait.c.obj)
                0x00007602                z_impl_k_busy_wait
 .text.z_device_state_init
                0x0000760a        0x2 zephyr/kernel/libkernel.a(device.c.obj)
                0x0000760a                z_device_state_init
 .text.z_impl_device_is_ready
                0x0000760c       0x16 zephyr/kernel/libkernel.a(device.c.obj)
                0x0000760c                z_impl_device_is_ready
 .text.arch_system_halt
                0x00007622       0x10 zephyr/kernel/libkernel.a(fatal.c.obj)
                0x00007622                arch_system_halt
 .text.k_sys_fatal_error_handler
                0x00007632        0x6 zephyr/kernel/libkernel.a(fatal.c.obj)
                0x00007632                k_sys_fatal_error_handler
 .text.z_fatal_error
                0x00007638       0x1e zephyr/kernel/libkernel.a(fatal.c.obj)
                0x00007638                z_fatal_error
 .text.do_device_init
                0x00007656       0x30 zephyr/kernel/libkernel.a(init.c.obj)
 .text.z_early_memset
                0x00007686        0x4 zephyr/kernel/libkernel.a(init.c.obj)
                0x00007686                z_early_memset
 .text.z_early_memcpy
                0x0000768a        0x4 zephyr/kernel/libkernel.a(init.c.obj)
                0x0000768a                z_early_memcpy
 .text.z_init_static
                0x0000768e        0x2 zephyr/kernel/libkernel.a(init_static.c.obj)
                0x0000768e                z_init_static
 .text.k_is_in_isr
                0x00007690        0xc zephyr/kernel/libkernel.a(nothread.c.obj)
                0x00007690                k_is_in_isr
 .text.nrf_cc310_bl_ecdsa_verify_secp256r1
                0x0000769c       0x26 /home/apcave/nordic/nrfxlib/crypto/nrf_cc310_bl/lib/cortex-m4/hard-float/no-interrupts/libnrf_cc310_bl_0.9.12.a(nrf_cc310_bl_ecdsa_verify_secp256r1.c.obj)
                0x0000769c                nrf_cc310_bl_ecdsa_verify_secp256r1
 .text.PkaInitAndMutexLock
                0x000076c2        0x8 /home/apcave/nordic/nrfxlib/crypto/nrf_cc310_bl/lib/cortex-m4/hard-float/no-interrupts/libnrf_cc310_bl_0.9.12.a(pka.c.obj)
                0x000076c2                PkaInitAndMutexLock
 .text.SaSi_PalMemCopy
                0x000076ca        0x4 /home/apcave/nordic/nrfxlib/crypto/nrf_cc310_bl/lib/cortex-m4/hard-float/no-interrupts/libnrf_cc310_bl_0.9.12.a(ssi_pal_mem.c.obj)
                0x000076ca                SaSi_PalMemCopy
 .text.SaSi_PalMemSet
                0x000076ce        0x4 /home/apcave/nordic/nrfxlib/crypto/nrf_cc310_bl/lib/cortex-m4/hard-float/no-interrupts/libnrf_cc310_bl_0.9.12.a(ssi_pal_mem.c.obj)
                0x000076ce                SaSi_PalMemSet
 .text.SaSi_PalMemSetZero
                0x000076d2        0x8 /home/apcave/nordic/nrfxlib/crypto/nrf_cc310_bl/lib/cortex-m4/hard-float/no-interrupts/libnrf_cc310_bl_0.9.12.a(ssi_pal_mem.c.obj)
                0x000076d2                SaSi_PalMemSetZero
 .text.CRYS_COMMON_ReverseMemcpy32
                0x000076da       0x1a /home/apcave/nordic/nrfxlib/crypto/nrf_cc310_bl/lib/cortex-m4/hard-float/no-interrupts/libnrf_cc310_bl_0.9.12.a(crys_common_conv_endian.c.obj)
                0x000076da                CRYS_COMMON_ReverseMemcpy32
 *(SORT_BY_ALIGNMENT(.TEXT.*))
 *(SORT_BY_ALIGNMENT(.gnu.linkonce.t.*))
 *(SORT_BY_ALIGNMENT(.glue_7t))
 .glue_7t       0x000076f4        0x0 linker stubs
 *(SORT_BY_ALIGNMENT(.glue_7))
 .glue_7        0x000076f4        0x0 linker stubs
 *(SORT_BY_ALIGNMENT(.vfp11_veneer))
 .vfp11_veneer  0x000076f4        0x0 linker stubs
 *(SORT_BY_ALIGNMENT(.v4_bx))
 .v4_bx         0x000076f4        0x0 linker stubs
                0x000076f4                        . = ALIGN (0x4)
                0x000076f4                        __text_region_end = .

.ARM.exidx      0x000076f4        0x8
                0x000076f4                        __exidx_start = .
 *(SORT_BY_ALIGNMENT(.ARM.exidx*) SORT_BY_ALIGNMENT(gnu.linkonce.armexidx.*))
 .ARM.exidx     0x000076f4        0x8 /home/apcave/stm32-tools/bin/../lib/gcc/arm-none-eabi/12.3.1/thumb/v7e-m+fp/hard/libgcc.a(_udivmoddi4.o)
                0x000076fc                        __exidx_end = .
                0x000076fc                        __rodata_region_start = .

initlevel       0x000076fc       0x48
                0x000076fc                        __init_start = .
                0x000076fc                        __init_EARLY_start = .
 *(SORT_BY_NAME(SORT_BY_ALIGNMENT(.z_init_EARLY?_*)))
 *(SORT_BY_NAME(SORT_BY_ALIGNMENT(.z_init_EARLY??_*)))
                0x000076fc                        __init_PRE_KERNEL_1_start = .
 *(SORT_BY_NAME(SORT_BY_ALIGNMENT(.z_init_PRE_KERNEL_1?_*)))
 .z_init_PRE_KERNEL_10_0_
                0x000076fc        0x8 zephyr/soc/soc/nrf52840/libsoc__nordic.a(soc.c.obj)
 *(SORT_BY_NAME(SORT_BY_ALIGNMENT(.z_init_PRE_KERNEL_1??_*)))
 .z_init_PRE_KERNEL_130_00059_
                0x00007704        0x8 zephyr/drivers/clock_control/libdrivers__clock_control.a(clock_control_nrf.c.obj)
 .z_init_PRE_KERNEL_140_00013_
                0x0000770c        0x8 zephyr/drivers/gpio/libdrivers__gpio.a(gpio_nrfx.c.obj)
 .z_init_PRE_KERNEL_140_00070_
                0x00007714        0x8 zephyr/drivers/gpio/libdrivers__gpio.a(gpio_nrfx.c.obj)
 .z_init_PRE_KERNEL_140_0_
                0x0000771c        0x8 modules/nrf/drivers/hw_cc3xx/lib..__nrf__drivers__hw_cc3xx.a(hw_cc3xx.c.obj)
                0x00007724                        __init_PRE_KERNEL_2_start = .
 *(SORT_BY_NAME(SORT_BY_ALIGNMENT(.z_init_PRE_KERNEL_2?_*)))
 .z_init_PRE_KERNEL_20_0_
                0x00007724        0x8 zephyr/drivers/timer/libdrivers__timer.a(nrf_rtc_timer.c.obj)
 *(SORT_BY_NAME(SORT_BY_ALIGNMENT(.z_init_PRE_KERNEL_2??_*)))
                0x0000772c                        __init_POST_KERNEL_start = .
 *(SORT_BY_NAME(SORT_BY_ALIGNMENT(.z_init_POST_KERNEL?_*)))
 *(SORT_BY_NAME(SORT_BY_ALIGNMENT(.z_init_POST_KERNEL??_*)))
 .z_init_POST_KERNEL40_0_
                0x0000772c        0x8 modules/nrf/drivers/hw_cc3xx/lib..__nrf__drivers__hw_cc3xx.a(hw_cc3xx.c.obj)
 .z_init_POST_KERNEL41_00115_
                0x00007734        0x8 zephyr/drivers/flash/libdrivers__flash.a(nrf_qspi_nor.c.obj)
 .z_init_POST_KERNEL50_00101_
                0x0000773c        0x8 zephyr/drivers/flash/libdrivers__flash.a(soc_flash_nrf.c.obj)
                0x00007744                        __init_APPLICATION_start = .
 *(SORT_BY_NAME(SORT_BY_ALIGNMENT(.z_init_APPLICATION?_*)))
 *(SORT_BY_NAME(SORT_BY_ALIGNMENT(.z_init_APPLICATION??_*)))
                0x00007744                        __init_SMP_start = .
 *(SORT_BY_NAME(SORT_BY_ALIGNMENT(.z_init_SMP?_*)))
 *(SORT_BY_NAME(SORT_BY_ALIGNMENT(.z_init_SMP??_*)))
                0x00007744                        __init_end = .
                0x00007744                        __deferred_init_list_start = .
 *(SORT_BY_ALIGNMENT(.z_deferred_init*))
                0x00007744                        __deferred_init_list_end = .

device_area     0x00007744       0x64
                0x00007744                        _device_list_start = .
 *(SORT_BY_NAME(SORT_BY_ALIGNMENT(._device.static.*_?_*)))
 *(SORT_BY_NAME(SORT_BY_ALIGNMENT(._device.static.*_??_*)))
 ._device.static.1_30_
                0x00007744       0x14 zephyr/drivers/clock_control/libdrivers__clock_control.a(clock_control_nrf.c.obj)
                0x00007744                __device_dts_ord_59
 ._device.static.1_40_
                0x00007758       0x28 zephyr/drivers/gpio/libdrivers__gpio.a(gpio_nrfx.c.obj)
                0x00007758                __device_dts_ord_70
                0x0000776c                __device_dts_ord_13
 ._device.static.3_41_
                0x00007780       0x14 zephyr/drivers/flash/libdrivers__flash.a(nrf_qspi_nor.c.obj)
                0x00007780                __device_dts_ord_115
 ._device.static.3_50_
                0x00007794       0x14 zephyr/drivers/flash/libdrivers__flash.a(soc_flash_nrf.c.obj)
                0x00007794                __device_dts_ord_101
                0x000077a8                        _device_list_end = .

sw_isr_table    0x000077a8      0x180
                0x000077a8                        . = ALIGN (0x4)
 *(SORT_BY_ALIGNMENT(.gnu.linkonce.sw_isr_table*))
 .gnu.linkonce.sw_isr_table
                0x000077a8      0x180 zephyr/arch/common/libisr_tables.a(isr_tables.c.obj)
                0x000077a8                _sw_isr_table

initlevel_error
 *(SORT_BY_NAME(SORT_BY_ALIGNMENT(.z_init_[_A-Z0-9]*)))
                0x00000001                        ASSERT ((SIZEOF (initlevel_error) == 0x0), Undefined initialization levels used.)

app_shmem_regions
                0x00007928        0x0
                0x00007928                        __app_shmem_regions_start = .
 *(SORT_BY_NAME(SORT_BY_ALIGNMENT(.app_regions.*)))
                0x00007928                        __app_shmem_regions_end = .

k_p4wq_initparam_area
                0x00007928        0x0
                0x00007928                        _k_p4wq_initparam_list_start = .
 *(SORT_BY_NAME(SORT_BY_ALIGNMENT(._k_p4wq_initparam.static.*)))
                0x00007928                        _k_p4wq_initparam_list_end = .

_static_thread_data_area
                0x00007928        0x0
                0x00007928                        __static_thread_data_list_start = .
 *(SORT_BY_NAME(SORT_BY_ALIGNMENT(.__static_thread_data.static.*)))
                0x00007928                        __static_thread_data_list_end = .

device_deps     0x00007928        0x0
                0x00007928                        __device_deps_start = .
 *(SORT_BY_NAME(SORT_BY_ALIGNMENT(.__device_deps_pass2*)))
                0x00007928                        __device_deps_end = .

ztest           0x00007928        0x0
                0x00007928                        _ztest_expected_result_entry_list_start = .
 *(SORT_BY_NAME(SORT_BY_ALIGNMENT(._ztest_expected_result_entry.static.*)))
                0x00007928                        _ztest_expected_result_entry_list_end = .
                0x00007928                        _ztest_suite_node_list_start = .
 *(SORT_BY_NAME(SORT_BY_ALIGNMENT(._ztest_suite_node.static.*)))
                0x00007928                        _ztest_suite_node_list_end = .
                0x00007928                        _ztest_unit_test_list_start = .
 *(SORT_BY_NAME(SORT_BY_ALIGNMENT(._ztest_unit_test.static.*)))
                0x00007928                        _ztest_unit_test_list_end = .
                0x00007928                        _ztest_test_rule_list_start = .
 *(SORT_BY_NAME(SORT_BY_ALIGNMENT(._ztest_test_rule.static.*)))
                0x00007928                        _ztest_test_rule_list_end = .

init_array
 *(SORT_BY_NAME(SORT_BY_ALIGNMENT(.ctors*)))
 *(SORT_BY_NAME(SORT_BY_ALIGNMENT(.init_array*)))
                0x00000001                        ASSERT ((SIZEOF (init_array) == 0x0), GNU-style constructors required but STATIC_INIT_GNU not enabled)

bt_l2cap_fixed_chan_area
                0x00007928        0x0
                0x00007928                        _bt_l2cap_fixed_chan_list_start = .
 *(SORT_BY_NAME(SORT_BY_ALIGNMENT(._bt_l2cap_fixed_chan.static.*)))
                0x00007928                        _bt_l2cap_fixed_chan_list_end = .

bt_gatt_service_static_area
                0x00007928        0x0
                0x00007928                        _bt_gatt_service_static_list_start = .
 *(SORT_BY_NAME(SORT_BY_ALIGNMENT(._bt_gatt_service_static.static.*)))
                0x00007928                        _bt_gatt_service_static_list_end = .

log_strings_area
                0x00007928        0x0
                0x00007928                        _log_strings_list_start = .
 *(SORT_BY_NAME(SORT_BY_ALIGNMENT(._log_strings.static.*)))
                0x00007928                        _log_strings_list_end = .

log_const_area  0x00007928        0x0
                0x00007928                        _log_const_list_start = .
 *(SORT_BY_NAME(SORT_BY_ALIGNMENT(._log_const.static.*)))
                0x00007928                        _log_const_list_end = .

log_backend_area
                0x00007928        0x0
                0x00007928                        _log_backend_list_start = .
 *(SORT_BY_NAME(SORT_BY_ALIGNMENT(._log_backend.static.*)))
                0x00007928                        _log_backend_list_end = .

log_link_area   0x00007928        0x0
                0x00007928                        _log_link_list_start = .
 *(SORT_BY_NAME(SORT_BY_ALIGNMENT(._log_link.static.*)))
                0x00007928                        _log_link_list_end = .

tracing_backend_area
                0x00007928        0x0
                0x00007928                        _tracing_backend_list_start = .
 *(SORT_BY_NAME(SORT_BY_ALIGNMENT(._tracing_backend.static.*)))
                0x00007928                        _tracing_backend_list_end = .

zephyr_dbg_info
 *(SORT_BY_ALIGNMENT(.dbg_thread_info))

intc_table_area
                0x00007928        0x0
                0x00007928                        _intc_table_list_start = .
 *(SORT_BY_NAME(SORT_BY_ALIGNMENT(._intc_table.static.*)))
                0x00007928                        _intc_table_list_end = .

symbol_to_keep  0x00007928        0x0
                0x00007928                        __symbol_to_keep_start = .
 *(SORT_BY_NAME(SORT_BY_ALIGNMENT(.symbol_to_keep*)))
                0x00007928                        __symbol_to_keep_end = .

shell_area      0x00007928        0x0
                0x00007928                        _shell_list_start = .
 *(SORT_BY_NAME(SORT_BY_ALIGNMENT(._shell.static.*)))
                0x00007928                        _shell_list_end = .

shell_root_cmds_area
                0x00007928        0x0
                0x00007928                        _shell_root_cmds_list_start = .
 *(SORT_BY_NAME(SORT_BY_ALIGNMENT(._shell_root_cmds.static.*)))
                0x00007928                        _shell_root_cmds_list_end = .

shell_subcmds_area
                0x00007928        0x0
                0x00007928                        _shell_subcmds_list_start = .
 *(SORT_BY_NAME(SORT_BY_ALIGNMENT(._shell_subcmds.static.*)))
                0x00007928                        _shell_subcmds_list_end = .

shell_dynamic_subcmds_area
                0x00007928        0x0
                0x00007928                        _shell_dynamic_subcmds_list_start = .
 *(SORT_BY_NAME(SORT_BY_ALIGNMENT(._shell_dynamic_subcmds.static.*)))
                0x00007928                        _shell_dynamic_subcmds_list_end = .

cfb_font_area   0x00007928        0x0
                0x00007928                        _cfb_font_list_start = .
 *(SORT_BY_NAME(SORT_BY_ALIGNMENT(._cfb_font.static.*)))
                0x00007928                        _cfb_font_list_end = .

rodata          0x00007930      0x5c8
 *(SORT_BY_ALIGNMENT(.rodata))
 .rodata        0x00007930       0x18 zephyr/drivers/flash/libdrivers__flash.a(nrf_qspi_nor.c.obj)
 .rodata        0x00007948       0x18 modules/hal_nordic/nrfx/libmodules__hal_nordic__nrfx.a(nrfx_qspi.c.obj)
 .rodata        0x00007960       0x10 /home/apcave/nordic/nrfxlib/crypto/nrf_cc310_bl/lib/cortex-m4/hard-float/no-interrupts/libnrf_cc310_bl_0.9.12.a(nrf_cc310_bl_hash_sha256.c.obj)
 *(SORT_BY_ALIGNMENT(.rodata.*))
 .rodata.delay_machine_code.0
                0x00007970        0x6 zephyr/soc/soc/nrf52840/libsoc__nordic.a(soc.c.obj)
 *fill*         0x00007976        0x2 
 .rodata.all_slots.0
                0x00007978        0x8 app/libapp.a(flash_map_extended.c.obj)
 .rodata.bootutil_key_cnt
                0x00007980        0x4 app/libapp.a(keys.c.obj)
                0x00007980                bootutil_key_cnt
 .rodata.bootutil_keys
                0x00007984        0x8 app/libapp.a(keys.c.obj)
                0x00007984                bootutil_keys
 .rodata.all_slots.0
                0x0000798c        0x8 app/libapp.a(bootutil_misc.c.obj)
 .rodata.all_slots.0
                0x00007994        0x8 app/libapp.a(swap_misc.c.obj)
 .rodata.ecdsa_pub_key_len
                0x0000799c        0x4 app/libapp.a(autogen-pubkey.c.obj)
                0x0000799c                ecdsa_pub_key_len
 .rodata.mem_attr_region
                0x000079a0        0x0 zephyr/libzephyr.a(mem_attr.c.obj)
 .rodata.flash_map_entries
                0x000079a0        0x4 zephyr/libzephyr.a(flash_map_partition_manager.c.obj)
                0x000079a0                flash_map_entries
 .rodata.default_flash_map
                0x000079a4       0x60 zephyr/libzephyr.a(flash_map_partition_manager.c.obj)
                0x000079a4                default_flash_map
 .rodata.apis   0x00007a04        0x8 zephyr/libzephyr.a(nrf_cc3xx_platform_abort_zephyr.c.obj)
 .rodata.static_regions
                0x00007a0c       0x18 zephyr/arch/arch/arm/core/mpu/libarch__arm__core__mpu.a(arm_core_mpu.c.obj)
 .rodata.mpu_config
                0x00007a24        0x8 zephyr/arch/arch/arm/core/mpu/libarch__arm__core__mpu.a(arm_mpu_regions.c.obj)
                0x00007a24                mpu_config
 .rodata.mpu_regions
                0x00007a2c       0x18 zephyr/arch/arch/arm/core/mpu/libarch__arm__core__mpu.a(arm_mpu_regions.c.obj)
 .rodata.transitions.0
                0x00007a44        0xc zephyr/drivers/clock_control/libdrivers__clock_control.a(clock_control_nrf.c.obj)
 .rodata.config
                0x00007a50       0x10 zephyr/drivers/clock_control/libdrivers__clock_control.a(clock_control_nrf.c.obj)
 .rodata.clock_control_api
                0x00007a60       0x1c zephyr/drivers/clock_control/libdrivers__clock_control.a(clock_control_nrf.c.obj)
 .rodata.qspi_flash_parameters.0
                0x00007a7c        0x8 zephyr/drivers/flash/libdrivers__flash.a(nrf_qspi_nor.c.obj)
 .rodata.qspi_nor_dev_config
                0x00007a84       0x38 zephyr/drivers/flash/libdrivers__flash.a(nrf_qspi_nor.c.obj)
 .rodata.__pinctrl_dev_config__device_dts_ord_114
                0x00007abc        0xc zephyr/drivers/flash/libdrivers__flash.a(nrf_qspi_nor.c.obj)
 .rodata.__pinctrl_states__device_dts_ord_114
                0x00007ac8        0x8 zephyr/drivers/flash/libdrivers__flash.a(nrf_qspi_nor.c.obj)
 .rodata.__pinctrl_state_pins_0__device_dts_ord_114
                0x00007ad0       0x18 zephyr/drivers/flash/libdrivers__flash.a(nrf_qspi_nor.c.obj)
 .rodata.qspi_nor_api
                0x00007ae8       0x14 zephyr/drivers/flash/libdrivers__flash.a(nrf_qspi_nor.c.obj)
 .rodata.dev_layout
                0x00007afc        0x8 zephyr/drivers/flash/libdrivers__flash.a(nrf_qspi_nor.c.obj)
 .rodata.flash_nrf_api
                0x00007b04       0x14 zephyr/drivers/flash/libdrivers__flash.a(soc_flash_nrf.c.obj)
 .rodata.flash_nrf_parameters
                0x00007b18        0x8 zephyr/drivers/flash/libdrivers__flash.a(soc_flash_nrf.c.obj)
 .rodata.gpio_nrfx_p1_cfg
                0x00007b20       0x18 zephyr/drivers/gpio/libdrivers__gpio.a(gpio_nrfx.c.obj)
 .rodata.gpio_nrfx_p0_cfg
                0x00007b38       0x18 zephyr/drivers/gpio/libdrivers__gpio.a(gpio_nrfx.c.obj)
 .rodata.gpio_nrfx_drv_api_funcs
                0x00007b50       0x24 zephyr/drivers/gpio/libdrivers__gpio.a(gpio_nrfx.c.obj)
 .rodata.all_slots.0
                0x00007b74        0x8 modules/mcuboot/boot/bootutil/zephyr/libmcuboot_util.a(bootutil_public.c.obj)
 .rodata.levels.0
                0x00007b7c       0x18 zephyr/kernel/libkernel.a(init.c.obj)
 .rodata.CSWTCH.10
                0x00007b94       0x1c /home/apcave/nordic/nrfxlib/crypto/nrf_cc310_platform/lib/cortex-m4/hard-float/no-interrupts/libnrf_cc310_platform_0.9.19.a(nrf_cc3xx_platform.c.obj)
 .rodata.CC_PalPowerSaveModeInit.str1.4
                0x00007bb0       0x20 /home/apcave/nordic/nrfxlib/crypto/nrf_cc310_platform/lib/cortex-m4/hard-float/no-interrupts/libnrf_cc310_platform_0.9.19.a(cc_pal_pm.c.obj)
 .rodata.mutex_free.str1.4
                0x00007bd0       0x26 /home/apcave/nordic/nrfxlib/crypto/nrf_cc310_platform/lib/cortex-m4/hard-float/no-interrupts/libnrf_cc310_platform_0.9.19.a(nrf_cc3xx_platform_mutex.c.obj)
 *fill*         0x00007bf6        0x2 
 .rodata.mutex_init.str1.4
                0x00007bf8       0x23 /home/apcave/nordic/nrfxlib/crypto/nrf_cc310_platform/lib/cortex-m4/hard-float/no-interrupts/libnrf_cc310_platform_0.9.19.a(nrf_cc3xx_platform_mutex.c.obj)
 *fill*         0x00007c1b        0x1 
 .rodata.domain_secp256r1
                0x00007c1c       0xcc /home/apcave/nordic/nrfxlib/crypto/nrf_cc310_bl/lib/cortex-m4/hard-float/no-interrupts/libnrf_cc310_bl_0.9.12.a(nrf_cc310_bl_ecdsa_verify_secp256r1.c.obj)
                0x00007c1c                domain_secp256r1
 .rodata.NRF_CC310_BL_HASH_LARVAL_SHA256
                0x00007ce8       0x20 /home/apcave/nordic/nrfxlib/crypto/nrf_cc310_bl/lib/cortex-m4/hard-float/no-interrupts/libnrf_cc310_bl_0.9.12.a(nrf_cc310_bl_hash_sha256.c.obj)
                0x00007ce8                NRF_CC310_BL_HASH_LARVAL_SHA256
 .rodata.allowed_unprot_tlvs
                0x00007d08       0x1e app/libapp.a(image_validate.c.obj)
 .rodata.CSWTCH.94
                0x00007d26       0x16 zephyr/drivers/flash/libdrivers__flash.a(nrf_qspi_nor.c.obj)
 .rodata.boot_img_magic
                0x00007d3c       0x10 modules/mcuboot/boot/bootutil/zephyr/libmcuboot_util.a(bootutil_public.c.obj)
                0x00007d3c                boot_img_magic
 .rodata.ec_secp256r1_oid
                0x00007d4c        0x9 app/libapp.a(image_ecdsa.c.obj)
 .rodata.ec_pubkey_oid
                0x00007d55        0x8 app/libapp.a(image_ecdsa.c.obj)
 .rodata.ecdsa_pub_key
                0x00007d5d       0x5b app/libapp.a(autogen-pubkey.c.obj)
                0x00007d5d                ecdsa_pub_key
 .rodata.z_cbvprintf_impl.str1.1
                0x00007db8       0x12 zephyr/libzephyr.a(cbprintf_nano.c.obj)
                                 0x13 (size before relaxing)
 .rodata.boot_banner.str1.1
                0x00007dca       0x92 zephyr/libzephyr.a(banner.c.obj)
 .rodata.str1.1
                0x00007e5c        0xf zephyr/arch/arch/arm/core/mpu/libarch__arm__core__mpu.a(arm_mpu_regions.c.obj)
 .rodata.CSWTCH.5
                0x00007e6b        0x6 zephyr/soc/soc/nrf52840/libsoc__nordic.a(soc.c.obj)
 .rodata.str1.1
                0x00007e71        0xf zephyr/drivers/clock_control/libdrivers__clock_control.a(clock_control_nrf.c.obj)
 .rodata.str1.1
                0x00007e80        0xa zephyr/drivers/flash/libdrivers__flash.a(nrf_qspi_nor.c.obj)
 .rodata.str1.1
                0x00007e8a       0x1a zephyr/drivers/flash/libdrivers__flash.a(soc_flash_nrf.c.obj)
 .rodata.str1.1
                0x00007ea4       0x1c zephyr/drivers/gpio/libdrivers__gpio.a(gpio_nrfx.c.obj)
 .rodata.drive_modes
                0x00007ec0        0x8 zephyr/drivers/pinctrl/libdrivers__pinctrl.a(pinctrl_nrf.c.obj)
 .rodata.boot_swap_tables
                0x00007ec8       0x12 modules/mcuboot/boot/bootutil/zephyr/libmcuboot_util.a(bootutil_public.c.obj)
 .rodata.CSWTCH.15
                0x00007eda        0x6 modules/hal_nordic/nrfx/libmodules__hal_nordic__nrfx.a(system_nrf52840.c.obj)
 .rodata.CSWTCH.6
                0x00007ee0        0x6 modules/hal_nordic/nrfx/libmodules__hal_nordic__nrfx.a(system_nrf52840.c.obj)
 .rodata.port_offset.1
                0x00007ee6       0x10 modules/hal_nordic/nrfx/libmodules__hal_nordic__nrfx.a(nrfx_gpiote.c.obj)
 .rodata.ports  0x00007ef6        0x2 modules/hal_nordic/nrfx/libmodules__hal_nordic__nrfx.a(nrfx_gpiote.c.obj)
 *(SORT_BY_ALIGNMENT(.gnu.linkonce.r.*))
                0x00007ef8                        . = ALIGN (0x4)
                0x00007ef8                        __rodata_region_end = .
                0x00007f00                        . = ALIGN (_region_min_align)
                0x00008000                        . = ALIGN ((0x1 << LOG2CEIL ((__rodata_region_end - ADDR (rom_start)))))
                0x00008000                        __rom_region_end = ((__rom_region_start + .) - ADDR (rom_start))

/DISCARD/
 *(SORT_BY_ALIGNMENT(.got.plt))
 *(SORT_BY_ALIGNMENT(.igot.plt))
 *(SORT_BY_ALIGNMENT(.got))
 *(SORT_BY_ALIGNMENT(.igot))
                0x20000000                        . = 0x20000000
                0x20000000                        . = ALIGN (_region_min_align)
                0x20000000                        _image_ram_start = .

.ramfunc        0x20000000        0x0 load address 0x00007ef8
                0x20000000                        . = ALIGN (_region_min_align)
                0x20000000                        . = ALIGN ((0x1 << LOG2CEIL (__ramfunc_size)))
                0x20000000                        __ramfunc_start = .
 *(SORT_BY_ALIGNMENT(.ramfunc))
 *(SORT_BY_ALIGNMENT(.ramfunc.*))
                0x20000000                        . = ALIGN (_region_min_align)
                0x20000000                        . = ALIGN ((0x1 << LOG2CEIL (__ramfunc_size)))
                0x20000000                        __ramfunc_end = .
                0x00000000                        __ramfunc_size = (__ramfunc_end - __ramfunc_start)
                0x00007ef8                        __ramfunc_load_start = LOADADDR (.ramfunc)

datas           0x20000000      0x100 load address 0x00007ef8
                0x20000000                        __data_region_start = .
                0x20000000                        __data_start = .
 *(SORT_BY_ALIGNMENT(.data))
 *(SORT_BY_ALIGNMENT(.data.*))
 .data.FIH_NO_BOOTABLE_IMAGE
                0x20000000        0x4 app/libapp.a(fault_injection_hardening.c.obj)
                0x20000000                FIH_NO_BOOTABLE_IMAGE
 .data.FIH_FAILURE
                0x20000004        0x4 app/libapp.a(fault_injection_hardening.c.obj)
                0x20000004                FIH_FAILURE
 .data.memset_func
                0x20000008        0x4 app/libapp.a(platform_util.c.obj)
 .data._char_out
                0x2000000c        0x4 zephyr/libzephyr.a(printk.c.obj)
 .data.flash_map
                0x20000010        0x4 zephyr/libzephyr.a(flash_map_partition_manager.c.obj)
                0x20000010                flash_map
 .data.m_cb     0x20000014       0x84 modules/hal_nordic/nrfx/libmodules__hal_nordic__nrfx.a(nrfx_gpiote.c.obj)
 .data.timeout_list
                0x20000098        0x8 zephyr/kernel/libkernel.a(timeout.c.obj)
 .data.platform_abort_apis
                0x200000a0        0x8 /home/apcave/nordic/nrfxlib/crypto/nrf_cc310_platform/lib/cortex-m4/hard-float/no-interrupts/libnrf_cc310_platform_0.9.19.a(nrf_cc3xx_platform_abort.c.obj)
                0x200000a0                platform_abort_apis
 .data.pCCRndCryptoMutex
                0x200000a8        0x4 /home/apcave/nordic/nrfxlib/crypto/nrf_cc310_platform/lib/cortex-m4/hard-float/no-interrupts/libnrf_cc310_platform_0.9.19.a(cc_pal.c.obj)
                0x200000a8                pCCRndCryptoMutex
 .data.CCPowerMutex
                0x200000ac        0x4 /home/apcave/nordic/nrfxlib/crypto/nrf_cc310_platform/lib/cortex-m4/hard-float/no-interrupts/libnrf_cc310_platform_0.9.19.a(cc_pal.c.obj)
                0x200000ac                CCPowerMutex
 .data.CCRndCryptoMutex
                0x200000b0        0x4 /home/apcave/nordic/nrfxlib/crypto/nrf_cc310_platform/lib/cortex-m4/hard-float/no-interrupts/libnrf_cc310_platform_0.9.19.a(cc_pal.c.obj)
                0x200000b0                CCRndCryptoMutex
 .data.CCAsymCryptoMutex
                0x200000b4        0x4 /home/apcave/nordic/nrfxlib/crypto/nrf_cc310_platform/lib/cortex-m4/hard-float/no-interrupts/libnrf_cc310_platform_0.9.19.a(cc_pal.c.obj)
                0x200000b4                CCAsymCryptoMutex
 .data.CCSymCryptoMutex
                0x200000b8        0x4 /home/apcave/nordic/nrfxlib/crypto/nrf_cc310_platform/lib/cortex-m4/hard-float/no-interrupts/libnrf_cc310_platform_0.9.19.a(cc_pal.c.obj)
                0x200000b8                CCSymCryptoMutex
 .data.platform_mutexes
                0x200000bc       0x14 /home/apcave/nordic/nrfxlib/crypto/nrf_cc310_platform/lib/cortex-m4/hard-float/no-interrupts/libnrf_cc310_platform_0.9.19.a(nrf_cc3xx_platform_mutex.c.obj)
                0x200000bc                platform_mutexes
 .data.platform_mutex_apis
                0x200000d0       0x10 /home/apcave/nordic/nrfxlib/crypto/nrf_cc310_platform/lib/cortex-m4/hard-float/no-interrupts/libnrf_cc310_platform_0.9.19.a(nrf_cc3xx_platform_mutex.c.obj)
                0x200000d0                platform_mutex_apis
 .data.power_mutex
                0x200000e0        0x8 /home/apcave/nordic/nrfxlib/crypto/nrf_cc310_platform/lib/cortex-m4/hard-float/no-interrupts/libnrf_cc310_platform_0.9.19.a(nrf_cc3xx_platform_mutex.c.obj)
 .data.rng_mutex
                0x200000e8        0x8 /home/apcave/nordic/nrfxlib/crypto/nrf_cc310_platform/lib/cortex-m4/hard-float/no-interrupts/libnrf_cc310_platform_0.9.19.a(nrf_cc3xx_platform_mutex.c.obj)
 .data.asym_mutex
                0x200000f0        0x8 /home/apcave/nordic/nrfxlib/crypto/nrf_cc310_platform/lib/cortex-m4/hard-float/no-interrupts/libnrf_cc310_platform_0.9.19.a(nrf_cc3xx_platform_mutex.c.obj)
 .data.sym_mutex
                0x200000f8        0x8 /home/apcave/nordic/nrfxlib/crypto/nrf_cc310_platform/lib/cortex-m4/hard-float/no-interrupts/libnrf_cc310_platform_0.9.19.a(nrf_cc3xx_platform_mutex.c.obj)
 *(SORT_BY_ALIGNMENT(.kernel.*))
                0x20000100                        __data_end = .
                0x00000100                        __data_size = (__data_end - __data_start)
                0x00007ef8                        __data_load_start = LOADADDR (datas)
                0x00007ef8                        __data_region_load_start = LOADADDR (datas)

device_states   0x20000100        0xa load address 0x00007ff8
                0x20000100                        __device_states_start = .
 *(SORT_BY_ALIGNMENT(.z_devstate))
 .z_devstate    0x20000100        0x2 zephyr/drivers/clock_control/libdrivers__clock_control.a(clock_control_nrf.c.obj)
 .z_devstate    0x20000102        0x2 zephyr/drivers/flash/libdrivers__flash.a(nrf_qspi_nor.c.obj)
 .z_devstate    0x20000104        0x2 zephyr/drivers/flash/libdrivers__flash.a(soc_flash_nrf.c.obj)
 .z_devstate    0x20000106        0x4 zephyr/drivers/gpio/libdrivers__gpio.a(gpio_nrfx.c.obj)
 *(SORT_BY_ALIGNMENT(.z_devstate.*))
                0x2000010a                        __device_states_end = .

log_mpsc_pbuf_area
                0x2000010a        0x0 load address 0x00008002
                0x2000010a                        _log_mpsc_pbuf_list_start = .